11-13 16:57:41.032 12026 12047 I TestRunner: started: radio_buttons_update_entree_menu_subtotal(com.example.lunchtray.OrderFunctionalityTests)
11-13 16:57:41.038 12026 12047 W Settings: Setting always_finish_activities has moved from android.provider.Settings.System to android.provider.Settings.Global, returning read-only value.
11-13 16:57:41.051   784  1042 D SplashScreenView: Build android.window.SplashScreenView{de3ef29 V.E...... ......ID 0,0-0,0}
11-13 16:57:41.051   784  1042 D SplashScreenView: Icon: view: null drawable: null size: 0
11-13 16:57:41.051   784  1042 D SplashScreenView: Branding: view: android.view.View{fa182ae G.ED..... ......I. 0,0-0,0 #10204d9 android:id/splashscreen_branding_view} drawable: null size w: 0 h: 0
11-13 16:57:41.063 12026 12026 D LifecycleMonitor: Lifecycle status change: androidx.test.core.app.InstrumentationActivityInvoker$BootstrapActivity@9f81fd3 in: PRE_ON_CREATE
11-13 16:57:41.064 12026 12026 V ActivityScenario: Activity lifecycle changed event received but ignored because the intent does not match. startActivityIntent=Intent { act=android.intent.action.MAIN cat=[android.intent.category.LAUNCHER] cmp=com.example.lunchtray/androidx.fragment.app.testing.FragmentScenario$EmptyFragmentActivity (has extras) }, activity.getIntent()=Intent { act=android.intent.action.MAIN cat=[android.intent.category.LAUNCHER] flg=0x10008000 cmp=com.example.lunchtray/androidx.test.core.app.InstrumentationActivityInvoker$BootstrapActivity (has extras) }, activity=androidx.test.core.app.InstrumentationActivityInvoker$BootstrapActivity@9f81fd3
11-13 16:57:41.064   383   459 W RanchuHwc: presentDisplay display has no layers to compose, flushing client target buffer.
11-13 16:57:41.064   382   382 D goldfish-address-space: claimShared: Ask to claim region [0x1ed974000 0x1ee318000]
11-13 16:57:41.070 12026 12026 D LifecycleMonitor: Lifecycle status change: androidx.test.core.app.InstrumentationActivityInvoker$BootstrapActivity@9f81fd3 in: CREATED
11-13 16:57:41.070 12026 12026 V ActivityScenario: Activity lifecycle changed event received but ignored because the intent does not match. startActivityIntent=Intent { act=android.intent.action.MAIN cat=[android.intent.category.LAUNCHER] cmp=com.example.lunchtray/androidx.fragment.app.testing.FragmentScenario$EmptyFragmentActivity (has extras) }, activity.getIntent()=Intent { act=android.intent.action.MAIN cat=[android.intent.category.LAUNCHER] flg=0x10008000 cmp=com.example.lunchtray/androidx.test.core.app.InstrumentationActivityInvoker$BootstrapActivity (has extras) }, activity=androidx.test.core.app.InstrumentationActivityInvoker$BootstrapActivity@9f81fd3
11-13 16:57:41.071 12026 12026 D LifecycleMonitor: Lifecycle status change: androidx.test.core.app.InstrumentationActivityInvoker$BootstrapActivity@9f81fd3 in: STARTED
11-13 16:57:41.071 12026 12026 V ActivityScenario: Activity lifecycle changed event received but ignored because the intent does not match. startActivityIntent=Intent { act=android.intent.action.MAIN cat=[android.intent.category.LAUNCHER] cmp=com.example.lunchtray/androidx.fragment.app.testing.FragmentScenario$EmptyFragmentActivity (has extras) }, activity.getIntent()=Intent { act=android.intent.action.MAIN cat=[android.intent.category.LAUNCHER] flg=0x10008000 cmp=com.example.lunchtray/androidx.test.core.app.InstrumentationActivityInvoker$BootstrapActivity (has extras) }, activity=androidx.test.core.app.InstrumentationActivityInvoker$BootstrapActivity@9f81fd3
11-13 16:57:41.071   382   382 D goldfish-address-space: claimShared: Ask to claim region [0x1f2690000 0x1f3034000]
11-13 16:57:41.080   382   382 D goldfish-address-space: claimShared: Ask to claim region [0x1f3034000 0x1f39d8000]
11-13 16:57:41.090 12026 12026 D LifecycleMonitor: Lifecycle status change: androidx.test.core.app.InstrumentationActivityInvoker$BootstrapActivity@9f81fd3 in: RESUMED
11-13 16:57:41.091   784  1069 W Parcel  : Expecting binder but got null!
11-13 16:57:41.092   383   459 W RanchuHwc: presentDisplay display has no layers to compose, flushing client target buffer.
11-13 16:57:41.094 12026 12026 V ActivityScenario: Activity lifecycle changed event received but ignored because the intent does not match. startActivityIntent=Intent { act=android.intent.action.MAIN cat=[android.intent.category.LAUNCHER] cmp=com.example.lunchtray/androidx.fragment.app.testing.FragmentScenario$EmptyFragmentActivity (has extras) }, activity.getIntent()=Intent { act=android.intent.action.MAIN cat=[android.intent.category.LAUNCHER] flg=0x10008000 cmp=com.example.lunchtray/androidx.test.core.app.InstrumentationActivityInvoker$BootstrapActivity (has extras) }, activity=androidx.test.core.app.InstrumentationActivityInvoker$BootstrapActivity@9f81fd3
11-13 16:57:41.098   383   459 W RanchuHwc: presentDisplay display has no layers to compose, flushing client target buffer.
11-13 16:57:41.101 12026 12026 D LifecycleMonitor: Lifecycle status change: androidx.test.core.app.InstrumentationActivityInvoker$BootstrapActivity@9f81fd3 in: PAUSED
11-13 16:57:41.102 12026 12026 V ActivityScenario: Activity lifecycle changed event received but ignored because the intent does not match. startActivityIntent=Intent { act=android.intent.action.MAIN cat=[android.intent.category.LAUNCHER] cmp=com.example.lunchtray/androidx.fragment.app.testing.FragmentScenario$EmptyFragmentActivity (has extras) }, activity.getIntent()=Intent { act=android.intent.action.MAIN cat=[android.intent.category.LAUNCHER] flg=0x10008000 cmp=com.example.lunchtray/androidx.test.core.app.InstrumentationActivityInvoker$BootstrapActivity (has extras) }, activity=androidx.test.core.app.InstrumentationActivityInvoker$BootstrapActivity@9f81fd3
11-13 16:57:41.114   383   459 W RanchuHwc: presentDisplay display has no layers to compose, flushing client target buffer.
11-13 16:57:41.123 12026 12026 D LifecycleMonitor: Lifecycle status change: androidx.fragment.app.testing.FragmentScenario$EmptyFragmentActivity@72b6c27 in: PRE_ON_CREATE
11-13 16:57:41.123 12026 12026 V ActivityScenario: Activity lifecycle changed event received but ignored because the reported transition was not ON_CREATE while the last known transition was PRE_ON_CREATE
11-13 16:57:41.127   406   487 W TransactionTracing: Could not find layer id -1
11-13 16:57:41.127 12026 12026 D LifecycleMonitor: Lifecycle status change: androidx.fragment.app.testing.FragmentScenario$EmptyFragmentActivity@72b6c27 in: CREATED
11-13 16:57:41.128 12026 12026 V ActivityScenario: Update currentActivityStage to CREATED, currentActivity=androidx.fragment.app.testing.FragmentScenario$EmptyFragmentActivity@72b6c27
11-13 16:57:41.128 12026 12026 D LifecycleMonitor: Lifecycle status change: androidx.fragment.app.testing.FragmentScenario$EmptyFragmentActivity@72b6c27 in: STARTED
11-13 16:57:41.128 12026 12026 V ActivityScenario: Update currentActivityStage to STARTED, currentActivity=androidx.fragment.app.testing.FragmentScenario$EmptyFragmentActivity@72b6c27
11-13 16:57:41.129 12026 12026 D LifecycleMonitor: Lifecycle status change: androidx.fragment.app.testing.FragmentScenario$EmptyFragmentActivity@72b6c27 in: RESUMED
11-13 16:57:41.129 12026 12026 V ActivityScenario: Update currentActivityStage to RESUMED, currentActivity=androidx.fragment.app.testing.FragmentScenario$EmptyFragmentActivity@72b6c27
11-13 16:57:41.131   383   459 W RanchuHwc: presentDisplay display has no layers to compose, flushing client target buffer.
11-13 16:57:41.166   383   459 W RanchuHwc: presentDisplay display has no layers to compose, flushing client target buffer.
11-13 16:57:41.187   383   459 W RanchuHwc: presentDisplay display has no layers to compose, flushing client target buffer.
11-13 16:57:41.190 12026 12026 D LifecycleMonitor: Lifecycle status change: androidx.test.core.app.InstrumentationActivityInvoker$BootstrapActivity@9f81fd3 in: STOPPED
11-13 16:57:41.190  1556  1556 I GsaVoiceInteractionSrv: Handling ACTION_STOP_HOTWORD
11-13 16:57:41.191 12026 12026 V ActivityScenario: Activity lifecycle changed event received but ignored because the intent does not match. startActivityIntent=Intent { act=android.intent.action.MAIN cat=[android.intent.category.LAUNCHER] cmp=com.example.lunchtray/androidx.fragment.app.testing.FragmentScenario$EmptyFragmentActivity (has extras) }, activity.getIntent()=Intent { act=android.intent.action.MAIN cat=[android.intent.category.LAUNCHER] flg=0x10008000 cmp=com.example.lunchtray/androidx.test.core.app.InstrumentationActivityInvoker$BootstrapActivity (has extras) }, activity=androidx.test.core.app.InstrumentationActivityInvoker$BootstrapActivity@9f81fd3
11-13 16:57:41.201   383   459 W RanchuHwc: presentDisplay display has no layers to compose, flushing client target buffer.
11-13 16:57:41.204  1556  2271 E HwDetectorWithState: a: 3
11-13 16:57:41.216   383   459 W RanchuHwc: presentDisplay display has no layers to compose, flushing client target buffer.
11-13 16:57:41.225   382   382 D goldfish-address-space: claimShared: Ask to claim region [0x1f4000000 0x1f49a4000]
11-13 16:57:41.228   383   459 W RanchuHwc: presentDisplay display has no layers to compose, flushing client target buffer.
11-13 16:57:41.232   382   382 D goldfish-address-space: claimShared: Ask to claim region [0x1f6150000 0x1f6af4000]
11-13 16:57:41.235   382   382 D goldfish-address-space: claimShared: Ask to claim region [0x1f4fd0000 0x1f5974000]
11-13 16:57:41.238   383   459 W RanchuHwc: presentDisplay display has no layers to compose, flushing client target buffer.
11-13 16:57:41.241 12026 12049 W Parcel  : Expecting binder but got null!
11-13 16:57:41.257   383   459 W RanchuHwc: presentDisplay display has no layers to compose, flushing client target buffer.
11-13 16:57:41.257   583   612 W ziparchive: Unable to open '/data/app/~~H7zErrARcb9pfAKg_UDmDA==/com.example.lunchtray-MASSH-fbpymMZOjmuZouOA==/base.dm': No such file or directory
11-13 16:57:41.264   583   612 I ActivityTaskManager: Displayed com.example.lunchtray/androidx.fragment.app.testing.FragmentScenario$EmptyFragmentActivity: +206ms
11-13 16:57:41.270   383   459 W RanchuHwc: presentDisplay display has no layers to compose, flushing client target buffer.
11-13 16:57:41.286 12026 12026 D AutofillManager: Fill dialog is enabled:false, hints=[]
11-13 16:57:41.290   383   459 W RanchuHwc: presentDisplay display has no layers to compose, flushing client target buffer.
11-13 16:57:41.295   406   487 W TransactionTracing: Could not find layer id -1
11-13 16:57:41.295   406   487 W TransactionTracing: Could not find layer id -1
11-13 16:57:41.295   406   487 W TransactionTracing: Could not find layer id -1
11-13 16:57:41.295   406   487 W TransactionTracing: Could not find layer id -1
11-13 16:57:41.301   383   459 W RanchuHwc: presentDisplay display has no layers to compose, flushing client target buffer.
11-13 16:57:41.314   383   459 W RanchuHwc: presentDisplay display has no layers to compose, flushing client target buffer.
11-13 16:57:41.330  1476  1476 I GoogleInputMethodService: GoogleInputMethodService.onFinishInput():3204
11-13 16:57:41.333   383   459 W RanchuHwc: presentDisplay display has no layers to compose, flushing client target buffer.
11-13 16:57:41.347  1476  1476 I GoogleInputMethodService: GoogleInputMethodService.updateDeviceLockedStatus():2100 checkRepeatedly = false, unlocked = true
11-13 16:57:41.347  1476  1476 I GoogleInputMethodService: GoogleInputMethodService.onStartInput():1903 onStartInput(EditorInfo{inputType=0x0(NULL) imeOptions=0x0 privateImeOptions=null actionName=UNSPECIFIED actionLabel=null actionId=0 initialSelStart=-1 initialSelEnd=-1 initialCapsMode=0x0 hintText=null label=null packageName=com.example.lunchtray fieldId=-1 fieldName=null extras=null}, false)
11-13 16:57:41.347  1476  1476 I GoogleInputMethodService: GoogleInputMethodService.updateDeviceLockedStatus():2100 checkRepeatedly = true, unlocked = true
11-13 16:57:41.350   383   459 W RanchuHwc: presentDisplay display has no layers to compose, flushing client target buffer.
11-13 16:57:41.359 12026 12026 I ViewInteraction: Performing 'single click' action on view view.getId() is <2131230844/com.example.lunchtray:id/cauliflower>
11-13 16:57:41.363  1217  1217 D TaplEvents: TIS / TouchInteractionService.onInputEvent: MotionEvent { action=ACTION_DOWN, actionButton=0, id[0]=0, x[0]=206.0, y[0]=109.5, toolType[0]=TOOL_TYPE_UNKNOWN, buttonState=BUTTON_PRIMARY, classification=NONE, metaState=0, flags=0x0, edgeFlags=0x0, pointerCount=1, historySize=0, eventTime=13267571, downTime=13267570, deviceId=-1, source=0x1002, displayId=0, eventId=-520855914 }
11-13 16:57:41.363   383   459 W RanchuHwc: presentDisplay display has no layers to compose, flushing client target buffer.
11-13 16:57:41.383   383   459 W RanchuHwc: presentDisplay display has no layers to compose, flushing client target buffer.
11-13 16:57:41.396   383   459 W RanchuHwc: presentDisplay display has no layers to compose, flushing client target buffer.
11-13 16:57:41.402  1217  1217 D TaplEvents: TIS / TouchInteractionService.onInputEvent: MotionEvent { action=ACTION_UP, actionButton=0, id[0]=0, x[0]=206.0, y[0]=109.5, toolType[0]=TOOL_TYPE_FINGER, buttonState=BUTTON_PRIMARY, classification=NONE, metaState=0, flags=0x0, edgeFlags=0x0, pointerCount=1, historySize=0, eventTime=13267610, downTime=13267570, deviceId=-1, source=0x1002, displayId=0, eventId=-967005890 }
11-13 16:57:41.412   383   459 W RanchuHwc: presentDisplay display has no layers to compose, flushing client target buffer.
11-13 16:57:41.423   368   368 E android.hardware.audio@7.0-impl.ranchu: device/generic/goldfish/audio/stream_out.cpp:updateSourceMetadata:378 failure: Result::NOT_SUPPORTED
11-13 16:57:41.427   869  1136 D BtGatt.ScanManager: uid 10099 isForeground true scanMode 1
11-13 16:57:41.427   869  1136 D BtGatt.ScanManager: uid 10099 isForeground true scanMode -1
11-13 16:57:41.427   869  1136 D BtGatt.ScanManager: uid 10099 isForeground true scanMode -1
11-13 16:57:41.427   406   487 W TransactionTracing: Could not find layer handle 0xb40000745ac33450
11-13 16:57:41.427   406   487 W TransactionTracing: Could not find layer handle 0xb40000745ac31050
11-13 16:57:41.427   406   487 W TransactionTracing: Could not find layer handle 0xb40000745ac31050
11-13 16:57:41.427   406   487 W TransactionTracing: Could not find layer handle 0xb40000745ac33450
11-13 16:57:41.429   368   368 E android.hardware.audio@7.0-impl.ranchu: device/generic/goldfish/audio/stream_out.cpp:updateSourceMetadata:378 failure: Result::NOT_SUPPORTED
11-13 16:57:41.430   383   459 W RanchuHwc: presentDisplay display has no layers to compose, flushing client target buffer.
11-13 16:57:41.443   406   487 W TransactionTracing: Could not find layer handle 0xb40000745ac30690
11-13 16:57:41.445  1886  1886 I A       : onApplyWindowInsets: systemWindowInsets=Insets{left=0, top=66, right=0, bottom=66}
11-13 16:57:41.446  1886  1886 I A       : onApplyWindowInsets: systemWindowInsets=Insets{left=0, top=66, right=0, bottom=66}
11-13 16:57:41.447   383   459 W RanchuHwc: presentDisplay display has no layers to compose, flushing client target buffer.
11-13 16:57:41.462   383   459 W RanchuHwc: presentDisplay display has no layers to compose, flushing client target buffer.
11-13 16:57:41.480   383   459 W RanchuHwc: presentDisplay display has no layers to compose, flushing client target buffer.
11-13 16:57:41.497   383   459 W RanchuHwc: presentDisplay display has no layers to compose, flushing client target buffer.
11-13 16:57:41.509   406   487 W TransactionTracing: Could not find layer id -1
11-13 16:57:41.509   406   487 W TransactionTracing: Could not find layer id -1
11-13 16:57:41.512   383   459 W RanchuHwc: presentDisplay display has no layers to compose, flushing client target buffer.
11-13 16:57:41.529   383   459 W RanchuHwc: presentDisplay display has no layers to compose, flushing client target buffer.
11-13 16:57:41.545   583  4834 W InputManager-JNI: Input channel object '86367c8 Splash Screen com.example.lunchtray (client)' was disposed without first being removed with the input manager!
11-13 16:57:41.546   383   459 W RanchuHwc: presentDisplay display has no layers to compose, flushing client target buffer.
11-13 16:57:41.563   383   459 W RanchuHwc: presentDisplay display has no layers to compose, flushing client target buffer.
11-13 16:57:41.578   383   459 W RanchuHwc: presentDisplay display has no layers to compose, flushing client target buffer.
11-13 16:57:41.596   383   459 W RanchuHwc: presentDisplay display has no layers to compose, flushing client target buffer.
11-13 16:57:41.612   383   459 W RanchuHwc: presentDisplay display has no layers to compose, flushing client target buffer.
11-13 16:57:41.627   406   487 W TransactionTracing: Could not find layer id -1
11-13 16:57:41.627   406   487 W TransactionTracing: Could not find layer id -1
11-13 16:57:41.629   383   459 W RanchuHwc: presentDisplay display has no layers to compose, flushing client target buffer.
11-13 16:57:41.648   383   459 W RanchuHwc: presentDisplay display has no layers to compose, flushing client target buffer.
11-13 16:57:41.662   383   459 W RanchuHwc: presentDisplay display has no layers to compose, flushing client target buffer.
11-13 16:57:41.667 12026 12026 I ViewInteraction: Checking 'MatchesViewAssertion{viewMatcher=an instance of android.widget.TextView and view.getText() with or without transformation to match: a string containing "Subtotal: $7.00"}' assertion on view view.getId() is <2131231217/com.example.lunchtray:id/subtotal>
11-13 16:57:41.668 12026 12026 I ViewInteraction: Performing 'single click' action on view view.getId() is <2131230858/com.example.lunchtray:id/chili>
11-13 16:57:41.670  1217  1217 D TaplEvents: TIS / TouchInteractionService.onInputEvent: MotionEvent { action=ACTION_DOWN, actionButton=0, id[0]=0, x[0]=257.0, y[0]=350.5, toolType[0]=TOOL_TYPE_UNKNOWN, buttonState=BUTTON_PRIMARY, classification=NONE, metaState=0, flags=0x0, edgeFlags=0x0, pointerCount=1, historySize=0, eventTime=13267878, downTime=13267878, deviceId=-1, source=0x1002, displayId=0, eventId=-198510865 }
11-13 16:57:41.679   383   459 W RanchuHwc: presentDisplay display has no layers to compose, flushing client target buffer.
11-13 16:57:41.695   383   459 W RanchuHwc: presentDisplay display has no layers to compose, flushing client target buffer.
11-13 16:57:41.709   406   487 W TransactionTracing: Could not find layer handle 0xb40000745ac33750
11-13 16:57:41.709   406   487 W TransactionTracing: Could not find layer handle 0xb40000745ac2f610
11-13 16:57:41.709   406   487 W TransactionTracing: Could not find layer handle 0xb40000745ac2e170
11-13 16:57:41.711  1217  1217 D TaplEvents: TIS / TouchInteractionService.onInputEvent: MotionEvent { action=ACTION_UP, actionButton=0, id[0]=0, x[0]=257.0, y[0]=350.5, toolType[0]=TOOL_TYPE_FINGER, buttonState=BUTTON_PRIMARY, classification=NONE, metaState=0, flags=0x0, edgeFlags=0x0, pointerCount=1, historySize=0, eventTime=13267918, downTime=13267878, deviceId=-1, source=0x1002, displayId=0, eventId=-672532308 }
11-13 16:57:41.712   383   459 W RanchuHwc: presentDisplay display has no layers to compose, flushing client target buffer.
11-13 16:57:41.744   383   459 W RanchuHwc: presentDisplay display has no layers to compose, flushing client target buffer.
11-13 16:57:41.760   383   459 W RanchuHwc: presentDisplay display has no layers to compose, flushing client target buffer.
11-13 16:57:41.778   784  1069 D EGL_emulation: app_time_stats: avg=36.31ms min=14.09ms max=113.59ms count=28
11-13 16:57:41.779   383   459 W RanchuHwc: presentDisplay display has no layers to compose, flushing client target buffer.
11-13 16:57:41.794   383   459 W RanchuHwc: presentDisplay display has no layers to compose, flushing client target buffer.
11-13 16:57:41.811   383   459 W RanchuHwc: presentDisplay display has no layers to compose, flushing client target buffer.
11-13 16:57:41.828   383   459 W RanchuHwc: presentDisplay display has no layers to compose, flushing client target buffer.
11-13 16:57:41.847   383   459 W RanchuHwc: presentDisplay display has no layers to compose, flushing client target buffer.
11-13 16:57:41.861   383   459 W RanchuHwc: presentDisplay display has no layers to compose, flushing client target buffer.
11-13 16:57:41.881   383   459 W RanchuHwc: presentDisplay display has no layers to compose, flushing client target buffer.
11-13 16:57:41.895   383   459 W RanchuHwc: presentDisplay display has no layers to compose, flushing client target buffer.
11-13 16:57:41.911   383   459 W RanchuHwc: presentDisplay display has no layers to compose, flushing client target buffer.
11-13 16:57:41.927   383   459 W RanchuHwc: presentDisplay display has no layers to compose, flushing client target buffer.
11-13 16:57:41.945   383   459 W RanchuHwc: presentDisplay display has no layers to compose, flushing client target buffer.
11-13 16:57:41.961   383   459 W RanchuHwc: presentDisplay display has no layers to compose, flushing client target buffer.
11-13 16:57:41.980   383   459 W RanchuHwc: presentDisplay display has no layers to compose, flushing client target buffer.
11-13 16:57:41.994   383   459 W RanchuHwc: presentDisplay display has no layers to compose, flushing client target buffer.
11-13 16:57:42.011 12026 12026 I ViewInteraction: Checking 'MatchesViewAssertion{viewMatcher=an instance of android.widget.TextView and view.getText() with or without transformation to match: a string containing "Subtotal: $4.00"}' assertion on view view.getId() is <2131231217/com.example.lunchtray:id/subtotal>
11-13 16:57:42.011 12026 12026 I ViewInteraction: Performing 'single click' action on view view.getId() is <2131231106/com.example.lunchtray:id/pasta>
11-13 16:57:42.012   383   459 W RanchuHwc: presentDisplay display has no layers to compose, flushing client target buffer.
11-13 16:57:42.013  1217  1217 D TaplEvents: TIS / TouchInteractionService.onInputEvent: MotionEvent { action=ACTION_DOWN, actionButton=0, id[0]=0, x[0]=265.5, y[0]=637.5, toolType[0]=TOOL_TYPE_UNKNOWN, buttonState=BUTTON_PRIMARY, classification=NONE, metaState=0, flags=0x0, edgeFlags=0x0, pointerCount=1, historySize=0, eventTime=13268221, downTime=13268221, deviceId=-1, source=0x1002, displayId=0, eventId=-363800046 }
11-13 16:57:42.028   383   459 W RanchuHwc: presentDisplay display has no layers to compose, flushing client target buffer.
11-13 16:57:42.045   383   459 W RanchuHwc: presentDisplay display has no layers to compose, flushing client target buffer.
11-13 16:57:42.055  1217  1217 D TaplEvents: TIS / TouchInteractionService.onInputEvent: MotionEvent { action=ACTION_UP, actionButton=0, id[0]=0, x[0]=265.5, y[0]=637.5, toolType[0]=TOOL_TYPE_FINGER, buttonState=BUTTON_PRIMARY, classification=NONE, metaState=0, flags=0x0, edgeFlags=0x0, pointerCount=1, historySize=0, eventTime=13268263, downTime=13268221, deviceId=-1, source=0x1002, displayId=0, eventId=-590347269 }
11-13 16:57:42.062   383   459 W RanchuHwc: presentDisplay display has no layers to compose, flushing client target buffer.
11-13 16:57:42.081   383   459 W RanchuHwc: presentDisplay display has no layers to compose, flushing client target buffer.
11-13 16:57:42.097   383   459 W RanchuHwc: presentDisplay display has no layers to compose, flushing client target buffer.
11-13 16:57:42.112   383   459 W RanchuHwc: presentDisplay display has no layers to compose, flushing client target buffer.
11-13 16:57:42.128   383   459 W RanchuHwc: presentDisplay display has no layers to compose, flushing client target buffer.
11-13 16:57:42.147   383   459 W RanchuHwc: presentDisplay display has no layers to compose, flushing client target buffer.
11-13 16:57:42.161   383   459 W RanchuHwc: presentDisplay display has no layers to compose, flushing client target buffer.
11-13 16:57:42.181   383   459 W RanchuHwc: presentDisplay display has no layers to compose, flushing client target buffer.
11-13 16:57:42.195   383   459 W RanchuHwc: presentDisplay display has no layers to compose, flushing client target buffer.
11-13 16:57:42.211   383   459 W RanchuHwc: presentDisplay display has no layers to compose, flushing client target buffer.
11-13 16:57:42.227   383   459 W RanchuHwc: presentDisplay display has no layers to compose, flushing client target buffer.
11-13 16:57:42.243   406   487 W TransactionTracing: Could not find layer id -1
11-13 16:57:42.243   406   487 W TransactionTracing: Could not find layer id -1
11-13 16:57:42.244   383   459 W RanchuHwc: presentDisplay display has no layers to compose, flushing client target buffer.
11-13 16:57:42.261   383   459 W RanchuHwc: presentDisplay display has no layers to compose, flushing client target buffer.
11-13 16:57:42.278   383   459 W RanchuHwc: presentDisplay display has no layers to compose, flushing client target buffer.
11-13 16:57:42.294   383   459 W RanchuHwc: presentDisplay display has no layers to compose, flushing client target buffer.
11-13 16:57:42.311   383   459 W RanchuHwc: presentDisplay display has no layers to compose, flushing client target buffer.
11-13 16:57:42.327   383   459 W RanchuHwc: presentDisplay display has no layers to compose, flushing client target buffer.
11-13 16:57:42.344   383   459 W RanchuHwc: presentDisplay display has no layers to compose, flushing client target buffer.
11-13 16:57:42.345 12026 12026 I ViewInteraction: Checking 'MatchesViewAssertion{viewMatcher=an instance of android.widget.TextView and view.getText() with or without transformation to match: a string containing "Subtotal: $5.50"}' assertion on view view.getId() is <2131231217/com.example.lunchtray:id/subtotal>
11-13 16:57:42.346 12026 12026 I ViewInteraction: Performing 'single click' action on view view.getId() is <2131231175/com.example.lunchtray:id/skillet>
11-13 16:57:42.349  1217  1217 D TaplEvents: TIS / TouchInteractionService.onInputEvent: MotionEvent { action=ACTION_DOWN, actionButton=0, id[0]=0, x[0]=335.0, y[0]=924.5, toolType[0]=TOOL_TYPE_UNKNOWN, buttonState=BUTTON_PRIMARY, classification=NONE, metaState=0, flags=0x0, edgeFlags=0x0, pointerCount=1, historySize=0, eventTime=13268557, downTime=13268557, deviceId=-1, source=0x1002, displayId=0, eventId=-166820112 }
11-13 16:57:42.350 12026 12049 D EGL_emulation: app_time_stats: avg=15.10ms min=1.78ms max=99.66ms count=61
11-13 16:57:42.362   383   459 W RanchuHwc: presentDisplay display has no layers to compose, flushing client target buffer.
11-13 16:57:42.378   383   459 W RanchuHwc: presentDisplay display has no layers to compose, flushing client target buffer.
11-13 16:57:42.391  1217  1217 D TaplEvents: TIS / TouchInteractionService.onInputEvent: MotionEvent { action=ACTION_UP, actionButton=0, id[0]=0, x[0]=335.0, y[0]=924.5, toolType[0]=TOOL_TYPE_FINGER, buttonState=BUTTON_PRIMARY, classification=NONE, metaState=0, flags=0x0, edgeFlags=0x0, pointerCount=1, historySize=0, eventTime=13268599, downTime=13268557, deviceId=-1, source=0x1002, displayId=0, eventId=-778176271 }
11-13 16:57:42.393   406   487 W TransactionTracing: Could not find layer id -1
11-13 16:57:42.395   383   459 W RanchuHwc: presentDisplay display has no layers to compose, flushing client target buffer.
11-13 16:57:42.414   383   459 W RanchuHwc: presentDisplay display has no layers to compose, flushing client target buffer.
11-13 16:57:42.431   383   459 W RanchuHwc: presentDisplay display has no layers to compose, flushing client target buffer.
11-13 16:57:42.444   383   459 W RanchuHwc: presentDisplay display has no layers to compose, flushing client target buffer.
11-13 16:57:42.464   383   459 W RanchuHwc: presentDisplay display has no layers to compose, flushing client target buffer.
11-13 16:57:42.479   383   459 W RanchuHwc: presentDisplay display has no layers to compose, flushing client target buffer.
11-13 16:57:42.495   383   459 W RanchuHwc: presentDisplay display has no layers to compose, flushing client target buffer.
11-13 16:57:42.511   383   459 W RanchuHwc: presentDisplay display has no layers to compose, flushing client target buffer.
11-13 16:57:42.529   383   459 W RanchuHwc: presentDisplay display has no layers to compose, flushing client target buffer.
11-13 16:57:42.545   383   459 W RanchuHwc: presentDisplay display has no layers to compose, flushing client target buffer.
11-13 16:57:42.563   383   459 W RanchuHwc: presentDisplay display has no layers to compose, flushing client target buffer.
11-13 16:57:42.578   383   459 W RanchuHwc: presentDisplay display has no layers to compose, flushing client target buffer.
11-13 16:57:42.594   383   459 W RanchuHwc: presentDisplay display has no layers to compose, flushing client target buffer.
11-13 16:57:42.611   383   459 W RanchuHwc: presentDisplay display has no layers to compose, flushing client target buffer.
11-13 16:57:42.627   383   459 W RanchuHwc: presentDisplay display has no layers to compose, flushing client target buffer.
11-13 16:57:42.644   383   459 W RanchuHwc: presentDisplay display has no layers to compose, flushing client target buffer.
11-13 16:57:42.661 12026 12026 I ViewInteraction: Checking 'MatchesViewAssertion{viewMatcher=an instance of android.widget.TextView and view.getText() with or without transformation to match: a string containing "Subtotal: $5.50"}' assertion on view view.getId() is <2131231217/com.example.lunchtray:id/subtotal>
11-13 16:57:42.661 12026 12047 I TestRunner: finished: radio_buttons_update_entree_menu_subtotal(com.example.lunchtray.OrderFunctionalityTests)
