11-13 15:01:18.772  8609  8630 I TestRunner: started: navigate_to_start_order_from_accompaniment_menu(com.example.lunchtray.NavigationTests)
11-13 15:01:18.788  8609  8630 W Settings: Setting always_finish_activities has moved from android.provider.Settings.System to android.provider.Settings.Global, returning read-only value.
11-13 15:01:18.805   383   459 W RanchuHwc: presentDisplay display has no layers to compose, flushing client target buffer.
11-13 15:01:18.822   383   459 W RanchuHwc: presentDisplay display has no layers to compose, flushing client target buffer.
11-13 15:01:18.839   383   459 W RanchuHwc: presentDisplay display has no layers to compose, flushing client target buffer.
11-13 15:01:18.849   784  1042 D SplashScreenView: Build android.window.SplashScreenView{7efde9a V.E...... ......ID 0,0-0,0}
11-13 15:01:18.849   784  1042 D SplashScreenView: Icon: view: null drawable: null size: 0
11-13 15:01:18.849   784  1042 D SplashScreenView: Branding: view: android.view.View{c10e3cb G.ED..... ......I. 0,0-0,0 #10204d9 android:id/splashscreen_branding_view} drawable: null size w: 0 h: 0
11-13 15:01:18.852   383   459 W RanchuHwc: presentDisplay display has no layers to compose, flushing client target buffer.
11-13 15:01:18.863   383   459 W RanchuHwc: presentDisplay display has no layers to compose, flushing client target buffer.
11-13 15:01:18.877   383   459 W RanchuHwc: presentDisplay display has no layers to compose, flushing client target buffer.
11-13 15:01:18.891   382   451 D goldfish-address-space: claimShared: Ask to claim region [0x1f6150000 0x1f6af4000]
11-13 15:01:18.891  8609  8609 D LifecycleMonitor: Lifecycle status change: androidx.test.core.app.InstrumentationActivityInvoker$BootstrapActivity@a0539da in: PRE_ON_CREATE
11-13 15:01:18.892  8609  8609 V ActivityScenario: Activity lifecycle changed event received but ignored because the intent does not match. startActivityIntent=Intent { act=android.intent.action.MAIN cat=[android.intent.category.LAUNCHER] cmp=com.example.lunchtray/androidx.fragment.app.testing.FragmentScenario$EmptyFragmentActivity (has extras) }, activity.getIntent()=Intent { act=android.intent.action.MAIN cat=[android.intent.category.LAUNCHER] flg=0x10008000 cmp=com.example.lunchtray/androidx.test.core.app.InstrumentationActivityInvoker$BootstrapActivity (has extras) }, activity=androidx.test.core.app.InstrumentationActivityInvoker$BootstrapActivity@a0539da
11-13 15:01:18.893  8609  8609 V ActivityScenario: Activity lifecycle changed event received but ignored because the intent does not match. startActivityIntent=Intent { act=android.intent.action.MAIN cat=[android.intent.category.LAUNCHER] cmp=com.example.lunchtray/androidx.fragment.app.testing.FragmentScenario$EmptyFragmentActivity (has extras) }, activity.getIntent()=Intent { act=android.intent.action.MAIN cat=[android.intent.category.LAUNCHER] flg=0x10008000 cmp=com.example.lunchtray/androidx.test.core.app.InstrumentationActivityInvoker$BootstrapActivity (has extras) }, activity=androidx.test.core.app.InstrumentationActivityInvoker$BootstrapActivity@a0539da
11-13 15:01:18.893  8609  8609 V ActivityScenario: Activity lifecycle changed event received but ignored because the intent does not match. startActivityIntent=Intent { act=android.intent.action.MAIN cat=[android.intent.category.LAUNCHER] cmp=com.example.lunchtray/androidx.fragment.app.testing.FragmentScenario$EmptyFragmentActivity (has extras) }, activity.getIntent()=Intent { act=android.intent.action.MAIN cat=[android.intent.category.LAUNCHER] flg=0x10008000 cmp=com.example.lunchtray/androidx.test.core.app.InstrumentationActivityInvoker$BootstrapActivity (has extras) }, activity=androidx.test.core.app.InstrumentationActivityInvoker$BootstrapActivity@a0539da
11-13 15:01:18.893  8609  8609 V ActivityScenario: Activity lifecycle changed event received but ignored because the intent does not match. startActivityIntent=Intent { act=android.intent.action.MAIN cat=[android.intent.category.LAUNCHER] cmp=com.example.lunchtray/androidx.fragment.app.testing.FragmentScenario$EmptyFragmentActivity (has extras) }, activity.getIntent()=Intent { act=android.intent.action.MAIN cat=[android.intent.category.LAUNCHER] flg=0x10008000 cmp=com.example.lunchtray/androidx.test.core.app.InstrumentationActivityInvoker$BootstrapActivity (has extras) }, activity=androidx.test.core.app.InstrumentationActivityInvoker$BootstrapActivity@a0539da
11-13 15:01:18.893  8609  8609 V ActivityScenario: Activity lifecycle changed event received but ignored because the intent does not match. startActivityIntent=Intent { act=android.intent.action.MAIN cat=[android.intent.category.LAUNCHER] cmp=com.example.lunchtray/androidx.fragment.app.testing.FragmentScenario$EmptyFragmentActivity (has extras) }, activity.getIntent()=Intent { act=android.intent.action.MAIN cat=[android.intent.category.LAUNCHER] flg=0x10008000 cmp=com.example.lunchtray/androidx.test.core.app.InstrumentationActivityInvoker$BootstrapActivity (has extras) }, activity=androidx.test.core.app.InstrumentationActivityInvoker$BootstrapActivity@a0539da
11-13 15:01:18.894  8609  8609 V ActivityScenario: Activity lifecycle changed event received but ignored because the intent does not match. startActivityIntent=Intent { act=android.intent.action.MAIN cat=[android.intent.category.LAUNCHER] cmp=com.example.lunchtray/androidx.fragment.app.testing.FragmentScenario$EmptyFragmentActivity (has extras) }, activity.getIntent()=Intent { act=android.intent.action.MAIN cat=[android.intent.category.LAUNCHER] flg=0x10008000 cmp=com.example.lunchtray/androidx.test.core.app.InstrumentationActivityInvoker$BootstrapActivity (has extras) }, activity=androidx.test.core.app.InstrumentationActivityInvoker$BootstrapActivity@a0539da
11-13 15:01:18.901   383   459 W RanchuHwc: presentDisplay display has no layers to compose, flushing client target buffer.
11-13 15:01:18.904  8609  8609 D LifecycleMonitor: Lifecycle status change: androidx.test.core.app.InstrumentationActivityInvoker$BootstrapActivity@a0539da in: CREATED
11-13 15:01:18.904  8609  8609 V ActivityScenario: Activity lifecycle changed event received but ignored because the intent does not match. startActivityIntent=Intent { act=android.intent.action.MAIN cat=[android.intent.category.LAUNCHER] cmp=com.example.lunchtray/androidx.fragment.app.testing.FragmentScenario$EmptyFragmentActivity (has extras) }, activity.getIntent()=Intent { act=android.intent.action.MAIN cat=[android.intent.category.LAUNCHER] flg=0x10008000 cmp=com.example.lunchtray/androidx.test.core.app.InstrumentationActivityInvoker$BootstrapActivity (has extras) }, activity=androidx.test.core.app.InstrumentationActivityInvoker$BootstrapActivity@a0539da
11-13 15:01:18.904  8609  8609 V ActivityScenario: Activity lifecycle changed event received but ignored because the intent does not match. startActivityIntent=Intent { act=android.intent.action.MAIN cat=[android.intent.category.LAUNCHER] cmp=com.example.lunchtray/androidx.fragment.app.testing.FragmentScenario$EmptyFragmentActivity (has extras) }, activity.getIntent()=Intent { act=android.intent.action.MAIN cat=[android.intent.category.LAUNCHER] flg=0x10008000 cmp=com.example.lunchtray/androidx.test.core.app.InstrumentationActivityInvoker$BootstrapActivity (has extras) }, activity=androidx.test.core.app.InstrumentationActivityInvoker$BootstrapActivity@a0539da
11-13 15:01:18.904  8609  8609 V ActivityScenario: Activity lifecycle changed event received but ignored because the intent does not match. startActivityIntent=Intent { act=android.intent.action.MAIN cat=[android.intent.category.LAUNCHER] cmp=com.example.lunchtray/androidx.fragment.app.testing.FragmentScenario$EmptyFragmentActivity (has extras) }, activity.getIntent()=Intent { act=android.intent.action.MAIN cat=[android.intent.category.LAUNCHER] flg=0x10008000 cmp=com.example.lunchtray/androidx.test.core.app.InstrumentationActivityInvoker$BootstrapActivity (has extras) }, activity=androidx.test.core.app.InstrumentationActivityInvoker$BootstrapActivity@a0539da
11-13 15:01:18.904  8609  8609 V ActivityScenario: Activity lifecycle changed event received but ignored because the intent does not match. startActivityIntent=Intent { act=android.intent.action.MAIN cat=[android.intent.category.LAUNCHER] cmp=com.example.lunchtray/androidx.fragment.app.testing.FragmentScenario$EmptyFragmentActivity (has extras) }, activity.getIntent()=Intent { act=android.intent.action.MAIN cat=[android.intent.category.LAUNCHER] flg=0x10008000 cmp=com.example.lunchtray/androidx.test.core.app.InstrumentationActivityInvoker$BootstrapActivity (has extras) }, activity=androidx.test.core.app.InstrumentationActivityInvoker$BootstrapActivity@a0539da
11-13 15:01:18.905  8609  8609 V ActivityScenario: Activity lifecycle changed event received but ignored because the intent does not match. startActivityIntent=Intent { act=android.intent.action.MAIN cat=[android.intent.category.LAUNCHER] cmp=com.example.lunchtray/androidx.fragment.app.testing.FragmentScenario$EmptyFragmentActivity (has extras) }, activity.getIntent()=Intent { act=android.intent.action.MAIN cat=[android.intent.category.LAUNCHER] flg=0x10008000 cmp=com.example.lunchtray/androidx.test.core.app.InstrumentationActivityInvoker$BootstrapActivity (has extras) }, activity=androidx.test.core.app.InstrumentationActivityInvoker$BootstrapActivity@a0539da
11-13 15:01:18.905  8609  8609 V ActivityScenario: Activity lifecycle changed event received but ignored because the intent does not match. startActivityIntent=Intent { act=android.intent.action.MAIN cat=[android.intent.category.LAUNCHER] cmp=com.example.lunchtray/androidx.fragment.app.testing.FragmentScenario$EmptyFragmentActivity (has extras) }, activity.getIntent()=Intent { act=android.intent.action.MAIN cat=[android.intent.category.LAUNCHER] flg=0x10008000 cmp=com.example.lunchtray/androidx.test.core.app.InstrumentationActivityInvoker$BootstrapActivity (has extras) }, activity=androidx.test.core.app.InstrumentationActivityInvoker$BootstrapActivity@a0539da
11-13 15:01:18.906  8609  8609 D LifecycleMonitor: Lifecycle status change: androidx.test.core.app.InstrumentationActivityInvoker$BootstrapActivity@a0539da in: STARTED
11-13 15:01:18.907  8609  8609 V ActivityScenario: Activity lifecycle changed event received but ignored because the intent does not match. startActivityIntent=Intent { act=android.intent.action.MAIN cat=[android.intent.category.LAUNCHER] cmp=com.example.lunchtray/androidx.fragment.app.testing.FragmentScenario$EmptyFragmentActivity (has extras) }, activity.getIntent()=Intent { act=android.intent.action.MAIN cat=[android.intent.category.LAUNCHER] flg=0x10008000 cmp=com.example.lunchtray/androidx.test.core.app.InstrumentationActivityInvoker$BootstrapActivity (has extras) }, activity=androidx.test.core.app.InstrumentationActivityInvoker$BootstrapActivity@a0539da
11-13 15:01:18.907  8609  8609 V ActivityScenario: Activity lifecycle changed event received but ignored because the intent does not match. startActivityIntent=Intent { act=android.intent.action.MAIN cat=[android.intent.category.LAUNCHER] cmp=com.example.lunchtray/androidx.fragment.app.testing.FragmentScenario$EmptyFragmentActivity (has extras) }, activity.getIntent()=Intent { act=android.intent.action.MAIN cat=[android.intent.category.LAUNCHER] flg=0x10008000 cmp=com.example.lunchtray/androidx.test.core.app.InstrumentationActivityInvoker$BootstrapActivity (has extras) }, activity=androidx.test.core.app.InstrumentationActivityInvoker$BootstrapActivity@a0539da
11-13 15:01:18.907  8609  8609 V ActivityScenario: Activity lifecycle changed event received but ignored because the intent does not match. startActivityIntent=Intent { act=android.intent.action.MAIN cat=[android.intent.category.LAUNCHER] cmp=com.example.lunchtray/androidx.fragment.app.testing.FragmentScenario$EmptyFragmentActivity (has extras) }, activity.getIntent()=Intent { act=android.intent.action.MAIN cat=[android.intent.category.LAUNCHER] flg=0x10008000 cmp=com.example.lunchtray/androidx.test.core.app.InstrumentationActivityInvoker$BootstrapActivity (has extras) }, activity=androidx.test.core.app.InstrumentationActivityInvoker$BootstrapActivity@a0539da
11-13 15:01:18.907  8609  8609 V ActivityScenario: Activity lifecycle changed event received but ignored because the intent does not match. startActivityIntent=Intent { act=android.intent.action.MAIN cat=[android.intent.category.LAUNCHER] cmp=com.example.lunchtray/androidx.fragment.app.testing.FragmentScenario$EmptyFragmentActivity (has extras) }, activity.getIntent()=Intent { act=android.intent.action.MAIN cat=[android.intent.category.LAUNCHER] flg=0x10008000 cmp=com.example.lunchtray/androidx.test.core.app.InstrumentationActivityInvoker$BootstrapActivity (has extras) }, activity=androidx.test.core.app.InstrumentationActivityInvoker$BootstrapActivity@a0539da
11-13 15:01:18.908  8609  8609 V ActivityScenario: Activity lifecycle changed event received but ignored because the intent does not match. startActivityIntent=Intent { act=android.intent.action.MAIN cat=[android.intent.category.LAUNCHER] cmp=com.example.lunchtray/androidx.fragment.app.testing.FragmentScenario$EmptyFragmentActivity (has extras) }, activity.getIntent()=Intent { act=android.intent.action.MAIN cat=[android.intent.category.LAUNCHER] flg=0x10008000 cmp=com.example.lunchtray/androidx.test.core.app.InstrumentationActivityInvoker$BootstrapActivity (has extras) }, activity=androidx.test.core.app.InstrumentationActivityInvoker$BootstrapActivity@a0539da
11-13 15:01:18.908  8609  8609 V ActivityScenario: Activity lifecycle changed event received but ignored because the intent does not match. startActivityIntent=Intent { act=android.intent.action.MAIN cat=[android.intent.category.LAUNCHER] cmp=com.example.lunchtray/androidx.fragment.app.testing.FragmentScenario$EmptyFragmentActivity (has extras) }, activity.getIntent()=Intent { act=android.intent.action.MAIN cat=[android.intent.category.LAUNCHER] flg=0x10008000 cmp=com.example.lunchtray/androidx.test.core.app.InstrumentationActivityInvoker$BootstrapActivity (has extras) }, activity=androidx.test.core.app.InstrumentationActivityInvoker$BootstrapActivity@a0539da
11-13 15:01:18.908   382   451 D goldfish-address-space: claimShared: Ask to claim region [0x1f4fd0000 0x1f5974000]
11-13 15:01:18.914   382   451 D goldfish-address-space: claimShared: Ask to claim region [0x1fb034000 0x1fb9d8000]
11-13 15:01:18.922   383   459 W RanchuHwc: presentDisplay display has no layers to compose, flushing client target buffer.
11-13 15:01:18.923   784  1069 W Parcel  : Expecting binder but got null!
11-13 15:01:18.930  8609  8609 D LifecycleMonitor: Lifecycle status change: androidx.test.core.app.InstrumentationActivityInvoker$BootstrapActivity@a0539da in: RESUMED
11-13 15:01:18.930  8609  8609 V ActivityScenario: Activity lifecycle changed event received but ignored because the intent does not match. startActivityIntent=Intent { act=android.intent.action.MAIN cat=[android.intent.category.LAUNCHER] cmp=com.example.lunchtray/androidx.fragment.app.testing.FragmentScenario$EmptyFragmentActivity (has extras) }, activity.getIntent()=Intent { act=android.intent.action.MAIN cat=[android.intent.category.LAUNCHER] flg=0x10008000 cmp=com.example.lunchtray/androidx.test.core.app.InstrumentationActivityInvoker$BootstrapActivity (has extras) }, activity=androidx.test.core.app.InstrumentationActivityInvoker$BootstrapActivity@a0539da
11-13 15:01:18.932  8609  8609 V ActivityScenario: Activity lifecycle changed event received but ignored because the intent does not match. startActivityIntent=Intent { act=android.intent.action.MAIN cat=[android.intent.category.LAUNCHER] cmp=com.example.lunchtray/androidx.fragment.app.testing.FragmentScenario$EmptyFragmentActivity (has extras) }, activity.getIntent()=Intent { act=android.intent.action.MAIN cat=[android.intent.category.LAUNCHER] flg=0x10008000 cmp=com.example.lunchtray/androidx.test.core.app.InstrumentationActivityInvoker$BootstrapActivity (has extras) }, activity=androidx.test.core.app.InstrumentationActivityInvoker$BootstrapActivity@a0539da
11-13 15:01:18.933  8609  8609 V ActivityScenario: Activity lifecycle changed event received but ignored because the intent does not match. startActivityIntent=Intent { act=android.intent.action.MAIN cat=[android.intent.category.LAUNCHER] cmp=com.example.lunchtray/androidx.fragment.app.testing.FragmentScenario$EmptyFragmentActivity (has extras) }, activity.getIntent()=Intent { act=android.intent.action.MAIN cat=[android.intent.category.LAUNCHER] flg=0x10008000 cmp=com.example.lunchtray/androidx.test.core.app.InstrumentationActivityInvoker$BootstrapActivity (has extras) }, activity=androidx.test.core.app.InstrumentationActivityInvoker$BootstrapActivity@a0539da
11-13 15:01:18.933  8609  8609 V ActivityScenario: Activity lifecycle changed event received but ignored because the intent does not match. startActivityIntent=Intent { act=android.intent.action.MAIN cat=[android.intent.category.LAUNCHER] cmp=com.example.lunchtray/androidx.fragment.app.testing.FragmentScenario$EmptyFragmentActivity (has extras) }, activity.getIntent()=Intent { act=android.intent.action.MAIN cat=[android.intent.category.LAUNCHER] flg=0x10008000 cmp=com.example.lunchtray/androidx.test.core.app.InstrumentationActivityInvoker$BootstrapActivity (has extras) }, activity=androidx.test.core.app.InstrumentationActivityInvoker$BootstrapActivity@a0539da
11-13 15:01:18.933  8609  8609 V ActivityScenario: Activity lifecycle changed event received but ignored because the intent does not match. startActivityIntent=Intent { act=android.intent.action.MAIN cat=[android.intent.category.LAUNCHER] cmp=com.example.lunchtray/androidx.fragment.app.testing.FragmentScenario$EmptyFragmentActivity (has extras) }, activity.getIntent()=Intent { act=android.intent.action.MAIN cat=[android.intent.category.LAUNCHER] flg=0x10008000 cmp=com.example.lunchtray/androidx.test.core.app.InstrumentationActivityInvoker$BootstrapActivity (has extras) }, activity=androidx.test.core.app.InstrumentationActivityInvoker$BootstrapActivity@a0539da
11-13 15:01:18.934  8609  8609 V ActivityScenario: Activity lifecycle changed event received but ignored because the intent does not match. startActivityIntent=Intent { act=android.intent.action.MAIN cat=[android.intent.category.LAUNCHER] cmp=com.example.lunchtray/androidx.fragment.app.testing.FragmentScenario$EmptyFragmentActivity (has extras) }, activity.getIntent()=Intent { act=android.intent.action.MAIN cat=[android.intent.category.LAUNCHER] flg=0x10008000 cmp=com.example.lunchtray/androidx.test.core.app.InstrumentationActivityInvoker$BootstrapActivity (has extras) }, activity=androidx.test.core.app.InstrumentationActivityInvoker$BootstrapActivity@a0539da
11-13 15:01:18.936   383   459 W RanchuHwc: presentDisplay display has no layers to compose, flushing client target buffer.
11-13 15:01:18.940  8609  8609 D LifecycleMonitor: Lifecycle status change: androidx.test.core.app.InstrumentationActivityInvoker$BootstrapActivity@a0539da in: PAUSED
11-13 15:01:18.941  8609  8609 V ActivityScenario: Activity lifecycle changed event received but ignored because the intent does not match. startActivityIntent=Intent { act=android.intent.action.MAIN cat=[android.intent.category.LAUNCHER] cmp=com.example.lunchtray/androidx.fragment.app.testing.FragmentScenario$EmptyFragmentActivity (has extras) }, activity.getIntent()=Intent { act=android.intent.action.MAIN cat=[android.intent.category.LAUNCHER] flg=0x10008000 cmp=com.example.lunchtray/androidx.test.core.app.InstrumentationActivityInvoker$BootstrapActivity (has extras) }, activity=androidx.test.core.app.InstrumentationActivityInvoker$BootstrapActivity@a0539da
11-13 15:01:18.941  8609  8609 V ActivityScenario: Activity lifecycle changed event received but ignored because the intent does not match. startActivityIntent=Intent { act=android.intent.action.MAIN cat=[android.intent.category.LAUNCHER] cmp=com.example.lunchtray/androidx.fragment.app.testing.FragmentScenario$EmptyFragmentActivity (has extras) }, activity.getIntent()=Intent { act=android.intent.action.MAIN cat=[android.intent.category.LAUNCHER] flg=0x10008000 cmp=com.example.lunchtray/androidx.test.core.app.InstrumentationActivityInvoker$BootstrapActivity (has extras) }, activity=androidx.test.core.app.InstrumentationActivityInvoker$BootstrapActivity@a0539da
11-13 15:01:18.949  8609  8609 V ActivityScenario: Activity lifecycle changed event received but ignored because the intent does not match. startActivityIntent=Intent { act=android.intent.action.MAIN cat=[android.intent.category.LAUNCHER] cmp=com.example.lunchtray/androidx.fragment.app.testing.FragmentScenario$EmptyFragmentActivity (has extras) }, activity.getIntent()=Intent { act=android.intent.action.MAIN cat=[android.intent.category.LAUNCHER] flg=0x10008000 cmp=com.example.lunchtray/androidx.test.core.app.InstrumentationActivityInvoker$BootstrapActivity (has extras) }, activity=androidx.test.core.app.InstrumentationActivityInvoker$BootstrapActivity@a0539da
11-13 15:01:18.949  8609  8609 V ActivityScenario: Activity lifecycle changed event received but ignored because the intent does not match. startActivityIntent=Intent { act=android.intent.action.MAIN cat=[android.intent.category.LAUNCHER] cmp=com.example.lunchtray/androidx.fragment.app.testing.FragmentScenario$EmptyFragmentActivity (has extras) }, activity.getIntent()=Intent { act=android.intent.action.MAIN cat=[android.intent.category.LAUNCHER] flg=0x10008000 cmp=com.example.lunchtray/androidx.test.core.app.InstrumentationActivityInvoker$BootstrapActivity (has extras) }, activity=androidx.test.core.app.InstrumentationActivityInvoker$BootstrapActivity@a0539da
11-13 15:01:18.949  8609  8609 V ActivityScenario: Activity lifecycle changed event received but ignored because the intent does not match. startActivityIntent=Intent { act=android.intent.action.MAIN cat=[android.intent.category.LAUNCHER] cmp=com.example.lunchtray/androidx.fragment.app.testing.FragmentScenario$EmptyFragmentActivity (has extras) }, activity.getIntent()=Intent { act=android.intent.action.MAIN cat=[android.intent.category.LAUNCHER] flg=0x10008000 cmp=com.example.lunchtray/androidx.test.core.app.InstrumentationActivityInvoker$BootstrapActivity (has extras) }, activity=androidx.test.core.app.InstrumentationActivityInvoker$BootstrapActivity@a0539da
11-13 15:01:18.951   383   459 W RanchuHwc: presentDisplay display has no layers to compose, flushing client target buffer.
11-13 15:01:18.952  8609  8609 V ActivityScenario: Activity lifecycle changed event received but ignored because the intent does not match. startActivityIntent=Intent { act=android.intent.action.MAIN cat=[android.intent.category.LAUNCHER] cmp=com.example.lunchtray/androidx.fragment.app.testing.FragmentScenario$EmptyFragmentActivity (has extras) }, activity.getIntent()=Intent { act=android.intent.action.MAIN cat=[android.intent.category.LAUNCHER] flg=0x10008000 cmp=com.example.lunchtray/androidx.test.core.app.InstrumentationActivityInvoker$BootstrapActivity (has extras) }, activity=androidx.test.core.app.InstrumentationActivityInvoker$BootstrapActivity@a0539da
11-13 15:01:18.965   383   459 W RanchuHwc: presentDisplay display has no layers to compose, flushing client target buffer.
11-13 15:01:18.977  8609  8609 D LifecycleMonitor: Lifecycle status change: androidx.fragment.app.testing.FragmentScenario$EmptyFragmentActivity@d1db539 in: PRE_ON_CREATE
11-13 15:01:18.978  1556  1556 I GsaVoiceInteractionSrv: Handling ACTION_STOP_HOTWORD
11-13 15:01:18.979  1556  2320 E HwDetectorWithState: a: 3
11-13 15:01:18.981   383   459 W RanchuHwc: presentDisplay display has no layers to compose, flushing client target buffer.
11-13 15:01:18.981  8609  8609 V ActivityScenario: Activity lifecycle changed event received but ignored because the reported transition was not ON_CREATE while the last known transition was DESTROYED
11-13 15:01:18.981  8609  8609 V ActivityScenario: Activity lifecycle changed event received but ignored because the reported transition was not ON_CREATE while the last known transition was DESTROYED
11-13 15:01:18.981  8609  8609 V ActivityScenario: Activity lifecycle changed event received but ignored because the reported transition was not ON_CREATE while the last known transition was DESTROYED
11-13 15:01:18.981  8609  8609 V ActivityScenario: Activity lifecycle changed event received but ignored because the reported transition was not ON_CREATE while the last known transition was DESTROYED
11-13 15:01:18.981  8609  8609 V ActivityScenario: Activity lifecycle changed event received but ignored because the reported transition was not ON_CREATE while the last known transition was DESTROYED
11-13 15:01:18.981  8609  8609 V ActivityScenario: Activity lifecycle changed event received but ignored because the reported transition was not ON_CREATE while the last known transition was PRE_ON_CREATE
11-13 15:01:18.989  8609  8609 D LifecycleMonitor: Lifecycle status change: androidx.fragment.app.testing.FragmentScenario$EmptyFragmentActivity@d1db539 in: CREATED
11-13 15:01:18.990  8609  8609 V ActivityScenario: Update currentActivityStage to CREATED, currentActivity=androidx.fragment.app.testing.FragmentScenario$EmptyFragmentActivity@d1db539
11-13 15:01:18.990  8609  8609 V ActivityScenario: Update currentActivityStage to CREATED, currentActivity=androidx.fragment.app.testing.FragmentScenario$EmptyFragmentActivity@d1db539
11-13 15:01:18.990  8609  8609 V ActivityScenario: Update currentActivityStage to CREATED, currentActivity=androidx.fragment.app.testing.FragmentScenario$EmptyFragmentActivity@d1db539
11-13 15:01:18.991  8609  8609 V ActivityScenario: Update currentActivityStage to CREATED, currentActivity=androidx.fragment.app.testing.FragmentScenario$EmptyFragmentActivity@d1db539
11-13 15:01:18.991  8609  8609 V ActivityScenario: Update currentActivityStage to CREATED, currentActivity=androidx.fragment.app.testing.FragmentScenario$EmptyFragmentActivity@d1db539
11-13 15:01:18.991  8609  8609 V ActivityScenario: Update currentActivityStage to CREATED, currentActivity=androidx.fragment.app.testing.FragmentScenario$EmptyFragmentActivity@d1db539
11-13 15:01:18.992  8609  8609 D LifecycleMonitor: Lifecycle status change: androidx.fragment.app.testing.FragmentScenario$EmptyFragmentActivity@d1db539 in: STARTED
11-13 15:01:18.992  8609  8609 V ActivityScenario: Update currentActivityStage to STARTED, currentActivity=androidx.fragment.app.testing.FragmentScenario$EmptyFragmentActivity@d1db539
11-13 15:01:18.992  8609  8609 V ActivityScenario: Update currentActivityStage to STARTED, currentActivity=androidx.fragment.app.testing.FragmentScenario$EmptyFragmentActivity@d1db539
11-13 15:01:18.992  8609  8609 V ActivityScenario: Update currentActivityStage to STARTED, currentActivity=androidx.fragment.app.testing.FragmentScenario$EmptyFragmentActivity@d1db539
11-13 15:01:18.992  8609  8609 V ActivityScenario: Update currentActivityStage to STARTED, currentActivity=androidx.fragment.app.testing.FragmentScenario$EmptyFragmentActivity@d1db539
11-13 15:01:18.993  8609  8609 V ActivityScenario: Update currentActivityStage to STARTED, currentActivity=androidx.fragment.app.testing.FragmentScenario$EmptyFragmentActivity@d1db539
11-13 15:01:18.993  8609  8609 V ActivityScenario: Update currentActivityStage to STARTED, currentActivity=androidx.fragment.app.testing.FragmentScenario$EmptyFragmentActivity@d1db539
11-13 15:01:18.997  8609  8609 D LifecycleMonitor: Lifecycle status change: androidx.fragment.app.testing.FragmentScenario$EmptyFragmentActivity@d1db539 in: RESUMED
11-13 15:01:18.997  8609  8609 V ActivityScenario: Update currentActivityStage to RESUMED, currentActivity=androidx.fragment.app.testing.FragmentScenario$EmptyFragmentActivity@d1db539
11-13 15:01:18.997  8609  8609 V ActivityScenario: Update currentActivityStage to RESUMED, currentActivity=androidx.fragment.app.testing.FragmentScenario$EmptyFragmentActivity@d1db539
11-13 15:01:18.997  8609  8609 V ActivityScenario: Update currentActivityStage to RESUMED, currentActivity=androidx.fragment.app.testing.FragmentScenario$EmptyFragmentActivity@d1db539
11-13 15:01:18.997  8609  8609 V ActivityScenario: Update currentActivityStage to RESUMED, currentActivity=androidx.fragment.app.testing.FragmentScenario$EmptyFragmentActivity@d1db539
11-13 15:01:18.997  8609  8609 V ActivityScenario: Update currentActivityStage to RESUMED, currentActivity=androidx.fragment.app.testing.FragmentScenario$EmptyFragmentActivity@d1db539
11-13 15:01:18.997  8609  8609 V ActivityScenario: Update currentActivityStage to RESUMED, currentActivity=androidx.fragment.app.testing.FragmentScenario$EmptyFragmentActivity@d1db539
11-13 15:01:18.999   383   459 W RanchuHwc: presentDisplay display has no layers to compose, flushing client target buffer.
11-13 15:01:19.011   406   487 W TransactionTracing: Could not find layer id -1
11-13 15:01:19.011   406   487 W TransactionTracing: Could not find layer id -1
11-13 15:01:19.015   383   459 W RanchuHwc: presentDisplay display has no layers to compose, flushing client target buffer.
11-13 15:01:19.022   382   451 D goldfish-address-space: claimShared: Ask to claim region [0x1f8000000 0x1f89a4000]
11-13 15:01:19.025   382   451 D goldfish-address-space: claimShared: Ask to claim region [0x1f89a4000 0x1f9348000]
11-13 15:01:19.027   382   382 D goldfish-address-space: claimShared: Ask to claim region [0x1f9348000 0x1f9cec000]
11-13 15:01:19.031  8609  8632 W Parcel  : Expecting binder but got null!
11-13 15:01:19.034   383   459 W RanchuHwc: presentDisplay display has no layers to compose, flushing client target buffer.
11-13 15:01:19.038   583   612 W ziparchive: Unable to open '/data/app/~~5RiNk3rPs5AFC0sFMvTQ5g==/com.example.lunchtray-inAzywc5LdQ-HhiRt4RrJg==/base.dm': No such file or directory
11-13 15:01:19.040   583   612 I ActivityTaskManager: Displayed com.example.lunchtray/androidx.fragment.app.testing.FragmentScenario$EmptyFragmentActivity: +220ms
11-13 15:01:19.044   406   487 W TransactionTracing: Could not find layer handle 0xb40000745ac2c310
11-13 15:01:19.044   406   487 W TransactionTracing: Could not find layer handle 0xb40000745ac31170
11-13 15:01:19.055   383   459 W RanchuHwc: presentDisplay display has no layers to compose, flushing client target buffer.
11-13 15:01:19.074   383   459 W RanchuHwc: presentDisplay display has no layers to compose, flushing client target buffer.
11-13 15:01:19.084  8609  8609 D AutofillManager: Fill dialog is enabled:false, hints=[]
11-13 15:01:19.086   383   459 W RanchuHwc: presentDisplay display has no layers to compose, flushing client target buffer.
11-13 15:01:19.099   383   459 W RanchuHwc: presentDisplay display has no layers to compose, flushing client target buffer.
11-13 15:01:19.114   383   459 W RanchuHwc: presentDisplay display has no layers to compose, flushing client target buffer.
11-13 15:01:19.130   383   459 W RanchuHwc: presentDisplay display has no layers to compose, flushing client target buffer.
11-13 15:01:19.137  1476  1476 I GoogleInputMethodService: GoogleInputMethodService.onFinishInput():3204
11-13 15:01:19.139  1476  1476 I GoogleInputMethodService: GoogleInputMethodService.updateDeviceLockedStatus():2100 checkRepeatedly = false, unlocked = true
11-13 15:01:19.139  1476  1476 I GoogleInputMethodService: GoogleInputMethodService.onStartInput():1903 onStartInput(EditorInfo{inputType=0x0(NULL) imeOptions=0x0 privateImeOptions=null actionName=UNSPECIFIED actionLabel=null actionId=0 initialSelStart=-1 initialSelEnd=-1 initialCapsMode=0x0 hintText=null label=null packageName=com.example.lunchtray fieldId=-1 fieldName=null extras=null}, false)
11-13 15:01:19.140  1476  1476 I GoogleInputMethodService: GoogleInputMethodService.updateDeviceLockedStatus():2100 checkRepeatedly = true, unlocked = true
11-13 15:01:19.143   406   487 W TransactionTracing: Could not find layer handle 0xb40000745ac2c1f0
11-13 15:01:19.148   383   459 W RanchuHwc: presentDisplay display has no layers to compose, flushing client target buffer.
11-13 15:01:19.167   383   459 W RanchuHwc: presentDisplay display has no layers to compose, flushing client target buffer.
11-13 15:01:19.177  8609  8609 I ViewInteraction: Performing 'single click' action on view view.getId() is <2131230842/com.example.lunchtray:id/cancel_button>
11-13 15:01:19.181   383   459 W RanchuHwc: presentDisplay display has no layers to compose, flushing client target buffer.
11-13 15:01:19.182  1217  1217 D TaplEvents: TIS / TouchInteractionService.onInputEvent: MotionEvent { action=ACTION_DOWN, actionButton=0, id[0]=0, x[0]=280.5, y[0]=1055.5, toolType[0]=TOOL_TYPE_UNKNOWN, buttonState=BUTTON_PRIMARY, classification=NONE, metaState=0, flags=0x0, edgeFlags=0x0, pointerCount=1, historySize=0, eventTime=6285389, downTime=6285389, deviceId=-1, source=0x1002, displayId=0, eventId=-863610445 }
11-13 15:01:19.196   383   459 W RanchuHwc: presentDisplay display has no layers to compose, flushing client target buffer.
11-13 15:01:19.214   383   459 W RanchuHwc: presentDisplay display has no layers to compose, flushing client target buffer.
11-13 15:01:19.222  1217  1217 D TaplEvents: TIS / TouchInteractionService.onInputEvent: MotionEvent { action=ACTION_UP, actionButton=0, id[0]=0, x[0]=280.5, y[0]=1055.5, toolType[0]=TOOL_TYPE_FINGER, buttonState=BUTTON_PRIMARY, classification=NONE, metaState=0, flags=0x0, edgeFlags=0x0, pointerCount=1, historySize=0, eventTime=6285431, downTime=6285389, deviceId=-1, source=0x1002, displayId=0, eventId=-39098786 }
11-13 15:01:19.230   383   459 W RanchuHwc: presentDisplay display has no layers to compose, flushing client target buffer.
11-13 15:01:19.238   368   368 E android.hardware.audio@7.0-impl.ranchu: device/generic/goldfish/audio/stream_out.cpp:updateSourceMetadata:378 failure: Result::NOT_SUPPORTED
11-13 15:01:19.246   383   459 W RanchuHwc: presentDisplay display has no layers to compose, flushing client target buffer.
11-13 15:01:19.260   406   487 W TransactionTracing: Could not find layer id -1
11-13 15:01:19.261   406   487 W TransactionTracing: Could not find layer id -1
11-13 15:01:19.265   383   459 W RanchuHwc: presentDisplay display has no layers to compose, flushing client target buffer.
11-13 15:01:19.268  8609  8609 D LifecycleMonitor: Lifecycle status change: androidx.test.core.app.InstrumentationActivityInvoker$BootstrapActivity@a0539da in: STOPPED
11-13 15:01:19.269  8609  8609 V ActivityScenario: Activity lifecycle changed event received but ignored because the intent does not match. startActivityIntent=Intent { act=android.intent.action.MAIN cat=[android.intent.category.LAUNCHER] cmp=com.example.lunchtray/androidx.fragment.app.testing.FragmentScenario$EmptyFragmentActivity (has extras) }, activity.getIntent()=Intent { act=android.intent.action.MAIN cat=[android.intent.category.LAUNCHER] flg=0x10008000 cmp=com.example.lunchtray/androidx.test.core.app.InstrumentationActivityInvoker$BootstrapActivity (has extras) }, activity=androidx.test.core.app.InstrumentationActivityInvoker$BootstrapActivity@a0539da
11-13 15:01:19.272  8609  8609 V ActivityScenario: Activity lifecycle changed event received but ignored because the intent does not match. startActivityIntent=Intent { act=android.intent.action.MAIN cat=[android.intent.category.LAUNCHER] cmp=com.example.lunchtray/androidx.fragment.app.testing.FragmentScenario$EmptyFragmentActivity (has extras) }, activity.getIntent()=Intent { act=android.intent.action.MAIN cat=[android.intent.category.LAUNCHER] flg=0x10008000 cmp=com.example.lunchtray/androidx.test.core.app.InstrumentationActivityInvoker$BootstrapActivity (has extras) }, activity=androidx.test.core.app.InstrumentationActivityInvoker$BootstrapActivity@a0539da
11-13 15:01:19.272  8609  8609 V ActivityScenario: Activity lifecycle changed event received but ignored because the intent does not match. startActivityIntent=Intent { act=android.intent.action.MAIN cat=[android.intent.category.LAUNCHER] cmp=com.example.lunchtray/androidx.fragment.app.testing.FragmentScenario$EmptyFragmentActivity (has extras) }, activity.getIntent()=Intent { act=android.intent.action.MAIN cat=[android.intent.category.LAUNCHER] flg=0x10008000 cmp=com.example.lunchtray/androidx.test.core.app.InstrumentationActivityInvoker$BootstrapActivity (has extras) }, activity=androidx.test.core.app.InstrumentationActivityInvoker$BootstrapActivity@a0539da
11-13 15:01:19.272  8609  8609 V ActivityScenario: Activity lifecycle changed event received but ignored because the intent does not match. startActivityIntent=Intent { act=android.intent.action.MAIN cat=[android.intent.category.LAUNCHER] cmp=com.example.lunchtray/androidx.fragment.app.testing.FragmentScenario$EmptyFragmentActivity (has extras) }, activity.getIntent()=Intent { act=android.intent.action.MAIN cat=[android.intent.category.LAUNCHER] flg=0x10008000 cmp=com.example.lunchtray/androidx.test.core.app.InstrumentationActivityInvoker$BootstrapActivity (has extras) }, activity=androidx.test.core.app.InstrumentationActivityInvoker$BootstrapActivity@a0539da
11-13 15:01:19.272  8609  8609 V ActivityScenario: Activity lifecycle changed event received but ignored because the intent does not match. startActivityIntent=Intent { act=android.intent.action.MAIN cat=[android.intent.category.LAUNCHER] cmp=com.example.lunchtray/androidx.fragment.app.testing.FragmentScenario$EmptyFragmentActivity (has extras) }, activity.getIntent()=Intent { act=android.intent.action.MAIN cat=[android.intent.category.LAUNCHER] flg=0x10008000 cmp=com.example.lunchtray/androidx.test.core.app.InstrumentationActivityInvoker$BootstrapActivity (has extras) }, activity=androidx.test.core.app.InstrumentationActivityInvoker$BootstrapActivity@a0539da
11-13 15:01:19.272  8609  8609 V ActivityScenario: Activity lifecycle changed event received but ignored because the intent does not match. startActivityIntent=Intent { act=android.intent.action.MAIN cat=[android.intent.category.LAUNCHER] cmp=com.example.lunchtray/androidx.fragment.app.testing.FragmentScenario$EmptyFragmentActivity (has extras) }, activity.getIntent()=Intent { act=android.intent.action.MAIN cat=[android.intent.category.LAUNCHER] flg=0x10008000 cmp=com.example.lunchtray/androidx.test.core.app.InstrumentationActivityInvoker$BootstrapActivity (has extras) }, activity=androidx.test.core.app.InstrumentationActivityInvoker$BootstrapActivity@a0539da
11-13 15:01:19.277   406   487 W TransactionTracing: Could not find layer handle 0xb40000745ac2f8b0
11-13 15:01:19.278   406   487 W TransactionTracing: Could not find layer handle 0xb40000745ac2edd0
11-13 15:01:19.278   406   487 W TransactionTracing: Could not find layer handle 0xb40000745ac2edd0
11-13 15:01:19.278   406   487 W TransactionTracing: Could not find layer handle 0xb40000745ac2f8b0
11-13 15:01:19.280   383   459 W RanchuHwc: presentDisplay display has no layers to compose, flushing client target buffer.
11-13 15:01:19.294   406   487 W TransactionTracing: Could not find layer handle 0xb40000745ac2ff70
11-13 15:01:19.294   406   487 W TransactionTracing: Could not find layer id -1
11-13 15:01:19.297   383   459 W RanchuHwc: presentDisplay display has no layers to compose, flushing client target buffer.
11-13 15:01:19.310   406   487 W TransactionTracing: Could not find layer handle 0xb40000745ac2b230
11-13 15:01:19.310   406   487 W TransactionTracing: Could not find layer handle 0xb40000745ac30450
11-13 15:01:19.313   383   459 W RanchuHwc: presentDisplay display has no layers to compose, flushing client target buffer.
11-13 15:01:19.319   583   779 W InputManager-JNI: Input channel object 'b042b31 Splash Screen com.example.lunchtray (client)' was disposed without first being removed with the input manager!
11-13 15:01:19.329   383   459 W RanchuHwc: presentDisplay display has no layers to compose, flushing client target buffer.
11-13 15:01:19.346   383   459 W RanchuHwc: presentDisplay display has no layers to compose, flushing client target buffer.
11-13 15:01:19.361   383   459 W RanchuHwc: presentDisplay display has no layers to compose, flushing client target buffer.
11-13 15:01:19.378   383   459 W RanchuHwc: presentDisplay display has no layers to compose, flushing client target buffer.
11-13 15:01:19.393   406   487 W TransactionTracing: Could not find layer id -1
11-13 15:01:19.393   406   487 W TransactionTracing: Could not find layer id -1
11-13 15:01:19.395   383   459 W RanchuHwc: presentDisplay display has no layers to compose, flushing client target buffer.
11-13 15:01:19.412   383   459 W RanchuHwc: presentDisplay display has no layers to compose, flushing client target buffer.
11-13 15:01:19.428   383   459 W RanchuHwc: presentDisplay display has no layers to compose, flushing client target buffer.
11-13 15:01:19.443  8609  8630 I TestRunner: finished: navigate_to_start_order_from_accompaniment_menu(com.example.lunchtray.NavigationTests)
