11-13 15:01:14.731  8609  8630 I TestRunner: started: navigate_to_start_order_from_entree_menu(com.example.lunchtray.NavigationTests)
11-13 15:01:14.736  8609  8630 W Settings: Setting always_finish_activities has moved from android.provider.Settings.System to android.provider.Settings.Global, returning read-only value.
11-13 15:01:14.744   406   487 W TransactionTracing: Could not find layer handle 0xb40000745ac2bc50
11-13 15:01:14.744   406   487 W TransactionTracing: Could not find layer handle 0xb40000745ac31fb0
11-13 15:01:14.746   784  1042 D SplashScreenView: Build android.window.SplashScreenView{baae57e V.E...... ......ID 0,0-0,0}
11-13 15:01:14.746   784  1042 D SplashScreenView: Icon: view: null drawable: null size: 0
11-13 15:01:14.746   784  1042 D SplashScreenView: Branding: view: android.view.View{7244adf G.ED..... ......I. 0,0-0,0 #10204d9 android:id/splashscreen_branding_view} drawable: null size w: 0 h: 0
11-13 15:01:14.747   383   459 W RanchuHwc: presentDisplay display has no layers to compose, flushing client target buffer.
11-13 15:01:14.759  8609  8609 D LifecycleMonitor: Lifecycle status change: androidx.test.core.app.InstrumentationActivityInvoker$BootstrapActivity@8af60eb in: PRE_ON_CREATE
11-13 15:01:14.760  8609  8609 V ActivityScenario: Activity lifecycle changed event received but ignored because the intent does not match. startActivityIntent=Intent { act=android.intent.action.MAIN cat=[android.intent.category.LAUNCHER] cmp=com.example.lunchtray/androidx.fragment.app.testing.FragmentScenario$EmptyFragmentActivity (has extras) }, activity.getIntent()=Intent { act=android.intent.action.MAIN cat=[android.intent.category.LAUNCHER] flg=0x10008000 cmp=com.example.lunchtray/androidx.test.core.app.InstrumentationActivityInvoker$BootstrapActivity (has extras) }, activity=androidx.test.core.app.InstrumentationActivityInvoker$BootstrapActivity@8af60eb
11-13 15:01:14.762   406   487 W TransactionTracing: Could not find layer id -1
11-13 15:01:14.764   383   459 W RanchuHwc: presentDisplay display has no layers to compose, flushing client target buffer.
11-13 15:01:14.764  8609  8609 V ActivityScenario: Activity lifecycle changed event received but ignored because the intent does not match. startActivityIntent=Intent { act=android.intent.action.MAIN cat=[android.intent.category.LAUNCHER] cmp=com.example.lunchtray/androidx.fragment.app.testing.FragmentScenario$EmptyFragmentActivity (has extras) }, activity.getIntent()=Intent { act=android.intent.action.MAIN cat=[android.intent.category.LAUNCHER] flg=0x10008000 cmp=com.example.lunchtray/androidx.test.core.app.InstrumentationActivityInvoker$BootstrapActivity (has extras) }, activity=androidx.test.core.app.InstrumentationActivityInvoker$BootstrapActivity@8af60eb
11-13 15:01:14.765   382   451 D goldfish-address-space: claimShared: Ask to claim region [0x1f2690000 0x1f3034000]
11-13 15:01:14.777  8609  8609 D LifecycleMonitor: Lifecycle status change: androidx.test.core.app.InstrumentationActivityInvoker$BootstrapActivity@8af60eb in: CREATED
11-13 15:01:14.785   382   451 D goldfish-address-space: claimShared: Ask to claim region [0x1f4fd0000 0x1f5974000]
11-13 15:01:14.786  8609  8609 V ActivityScenario: Activity lifecycle changed event received but ignored because the intent does not match. startActivityIntent=Intent { act=android.intent.action.MAIN cat=[android.intent.category.LAUNCHER] cmp=com.example.lunchtray/androidx.fragment.app.testing.FragmentScenario$EmptyFragmentActivity (has extras) }, activity.getIntent()=Intent { act=android.intent.action.MAIN cat=[android.intent.category.LAUNCHER] flg=0x10008000 cmp=com.example.lunchtray/androidx.test.core.app.InstrumentationActivityInvoker$BootstrapActivity (has extras) }, activity=androidx.test.core.app.InstrumentationActivityInvoker$BootstrapActivity@8af60eb
11-13 15:01:14.786  8609  8609 V ActivityScenario: Activity lifecycle changed event received but ignored because the intent does not match. startActivityIntent=Intent { act=android.intent.action.MAIN cat=[android.intent.category.LAUNCHER] cmp=com.example.lunchtray/androidx.fragment.app.testing.FragmentScenario$EmptyFragmentActivity (has extras) }, activity.getIntent()=Intent { act=android.intent.action.MAIN cat=[android.intent.category.LAUNCHER] flg=0x10008000 cmp=com.example.lunchtray/androidx.test.core.app.InstrumentationActivityInvoker$BootstrapActivity (has extras) }, activity=androidx.test.core.app.InstrumentationActivityInvoker$BootstrapActivity@8af60eb
11-13 15:01:14.786   383   459 W RanchuHwc: presentDisplay display has no layers to compose, flushing client target buffer.
11-13 15:01:14.788   784  1069 W Parcel  : Expecting binder but got null!
11-13 15:01:14.788  8609  8609 D LifecycleMonitor: Lifecycle status change: androidx.test.core.app.InstrumentationActivityInvoker$BootstrapActivity@8af60eb in: STARTED
11-13 15:01:14.788  8609  8609 V ActivityScenario: Activity lifecycle changed event received but ignored because the intent does not match. startActivityIntent=Intent { act=android.intent.action.MAIN cat=[android.intent.category.LAUNCHER] cmp=com.example.lunchtray/androidx.fragment.app.testing.FragmentScenario$EmptyFragmentActivity (has extras) }, activity.getIntent()=Intent { act=android.intent.action.MAIN cat=[android.intent.category.LAUNCHER] flg=0x10008000 cmp=com.example.lunchtray/androidx.test.core.app.InstrumentationActivityInvoker$BootstrapActivity (has extras) }, activity=androidx.test.core.app.InstrumentationActivityInvoker$BootstrapActivity@8af60eb
11-13 15:01:14.789  8609  8609 V ActivityScenario: Activity lifecycle changed event received but ignored because the intent does not match. startActivityIntent=Intent { act=android.intent.action.MAIN cat=[android.intent.category.LAUNCHER] cmp=com.example.lunchtray/androidx.fragment.app.testing.FragmentScenario$EmptyFragmentActivity (has extras) }, activity.getIntent()=Intent { act=android.intent.action.MAIN cat=[android.intent.category.LAUNCHER] flg=0x10008000 cmp=com.example.lunchtray/androidx.test.core.app.InstrumentationActivityInvoker$BootstrapActivity (has extras) }, activity=androidx.test.core.app.InstrumentationActivityInvoker$BootstrapActivity@8af60eb
11-13 15:01:14.789   382   451 D goldfish-address-space: claimShared: Ask to claim region [0x1f8000000 0x1f89a4000]
11-13 15:01:14.794   383   459 W RanchuHwc: presentDisplay display has no layers to compose, flushing client target buffer.
11-13 15:01:14.807  8609  8609 D LifecycleMonitor: Lifecycle status change: androidx.test.core.app.InstrumentationActivityInvoker$BootstrapActivity@8af60eb in: RESUMED
11-13 15:01:14.808  8609  8609 V ActivityScenario: Activity lifecycle changed event received but ignored because the intent does not match. startActivityIntent=Intent { act=android.intent.action.MAIN cat=[android.intent.category.LAUNCHER] cmp=com.example.lunchtray/androidx.fragment.app.testing.FragmentScenario$EmptyFragmentActivity (has extras) }, activity.getIntent()=Intent { act=android.intent.action.MAIN cat=[android.intent.category.LAUNCHER] flg=0x10008000 cmp=com.example.lunchtray/androidx.test.core.app.InstrumentationActivityInvoker$BootstrapActivity (has extras) }, activity=androidx.test.core.app.InstrumentationActivityInvoker$BootstrapActivity@8af60eb
11-13 15:01:14.808  8609  8609 V ActivityScenario: Activity lifecycle changed event received but ignored because the intent does not match. startActivityIntent=Intent { act=android.intent.action.MAIN cat=[android.intent.category.LAUNCHER] cmp=com.example.lunchtray/androidx.fragment.app.testing.FragmentScenario$EmptyFragmentActivity (has extras) }, activity.getIntent()=Intent { act=android.intent.action.MAIN cat=[android.intent.category.LAUNCHER] flg=0x10008000 cmp=com.example.lunchtray/androidx.test.core.app.InstrumentationActivityInvoker$BootstrapActivity (has extras) }, activity=androidx.test.core.app.InstrumentationActivityInvoker$BootstrapActivity@8af60eb
11-13 15:01:14.809  8609  8609 D LifecycleMonitor: Lifecycle status change: androidx.test.core.app.InstrumentationActivityInvoker$BootstrapActivity@8af60eb in: PAUSED
11-13 15:01:14.809  8609  8609 V ActivityScenario: Activity lifecycle changed event received but ignored because the intent does not match. startActivityIntent=Intent { act=android.intent.action.MAIN cat=[android.intent.category.LAUNCHER] cmp=com.example.lunchtray/androidx.fragment.app.testing.FragmentScenario$EmptyFragmentActivity (has extras) }, activity.getIntent()=Intent { act=android.intent.action.MAIN cat=[android.intent.category.LAUNCHER] flg=0x10008000 cmp=com.example.lunchtray/androidx.test.core.app.InstrumentationActivityInvoker$BootstrapActivity (has extras) }, activity=androidx.test.core.app.InstrumentationActivityInvoker$BootstrapActivity@8af60eb
11-13 15:01:14.810  8609  8609 V ActivityScenario: Activity lifecycle changed event received but ignored because the intent does not match. startActivityIntent=Intent { act=android.intent.action.MAIN cat=[android.intent.category.LAUNCHER] cmp=com.example.lunchtray/androidx.fragment.app.testing.FragmentScenario$EmptyFragmentActivity (has extras) }, activity.getIntent()=Intent { act=android.intent.action.MAIN cat=[android.intent.category.LAUNCHER] flg=0x10008000 cmp=com.example.lunchtray/androidx.test.core.app.InstrumentationActivityInvoker$BootstrapActivity (has extras) }, activity=androidx.test.core.app.InstrumentationActivityInvoker$BootstrapActivity@8af60eb
11-13 15:01:14.810   406   487 W TransactionTracing: Could not find layer id -1
11-13 15:01:14.810   406   487 W TransactionTracing: Could not find layer id -1
11-13 15:01:14.814   383   459 W RanchuHwc: presentDisplay display has no layers to compose, flushing client target buffer.
11-13 15:01:14.817  8609  8609 D LifecycleMonitor: Lifecycle status change: androidx.fragment.app.testing.FragmentScenario$EmptyFragmentActivity@7a68bde in: PRE_ON_CREATE
11-13 15:01:14.817  8609  8609 V ActivityScenario: Activity lifecycle changed event received but ignored because the reported transition was not ON_CREATE while the last known transition was DESTROYED
11-13 15:01:14.817  8609  8609 V ActivityScenario: Activity lifecycle changed event received but ignored because the reported transition was not ON_CREATE while the last known transition was PRE_ON_CREATE
11-13 15:01:14.823  8609  8609 D LifecycleMonitor: Lifecycle status change: androidx.fragment.app.testing.FragmentScenario$EmptyFragmentActivity@7a68bde in: CREATED
11-13 15:01:14.824  8609  8609 V ActivityScenario: Update currentActivityStage to CREATED, currentActivity=androidx.fragment.app.testing.FragmentScenario$EmptyFragmentActivity@7a68bde
11-13 15:01:14.824  8609  8609 V ActivityScenario: Update currentActivityStage to CREATED, currentActivity=androidx.fragment.app.testing.FragmentScenario$EmptyFragmentActivity@7a68bde
11-13 15:01:14.825  8609  8609 D LifecycleMonitor: Lifecycle status change: androidx.fragment.app.testing.FragmentScenario$EmptyFragmentActivity@7a68bde in: STARTED
11-13 15:01:14.825  8609  8609 V ActivityScenario: Update currentActivityStage to STARTED, currentActivity=androidx.fragment.app.testing.FragmentScenario$EmptyFragmentActivity@7a68bde
11-13 15:01:14.826  8609  8609 V ActivityScenario: Update currentActivityStage to STARTED, currentActivity=androidx.fragment.app.testing.FragmentScenario$EmptyFragmentActivity@7a68bde
11-13 15:01:14.827  8609  8609 D LifecycleMonitor: Lifecycle status change: androidx.fragment.app.testing.FragmentScenario$EmptyFragmentActivity@7a68bde in: RESUMED
11-13 15:01:14.827   406   487 W TransactionTracing: Could not find layer id -1
11-13 15:01:14.827   406   487 W TransactionTracing: Could not find layer id -1
11-13 15:01:14.827  8609  8609 V ActivityScenario: Update currentActivityStage to RESUMED, currentActivity=androidx.fragment.app.testing.FragmentScenario$EmptyFragmentActivity@7a68bde
11-13 15:01:14.828  8609  8609 V ActivityScenario: Update currentActivityStage to RESUMED, currentActivity=androidx.fragment.app.testing.FragmentScenario$EmptyFragmentActivity@7a68bde
11-13 15:01:14.831   383   459 W RanchuHwc: presentDisplay display has no layers to compose, flushing client target buffer.
11-13 15:01:14.847   383   459 W RanchuHwc: presentDisplay display has no layers to compose, flushing client target buffer.
11-13 15:01:14.852   382   451 D goldfish-address-space: claimShared: Ask to claim region [0x1f89a4000 0x1f9348000]
11-13 15:01:14.854   382   451 D goldfish-address-space: claimShared: Ask to claim region [0x1f9348000 0x1f9cec000]
11-13 15:01:14.855   382   451 D goldfish-address-space: claimShared: Ask to claim region [0x1f9cec000 0x1fa690000]
11-13 15:01:14.856  1556  1556 I GsaVoiceInteractionSrv: Handling ACTION_STOP_HOTWORD
11-13 15:01:14.862  1556  2320 E HwDetectorWithState: a: 3
11-13 15:01:14.864   383   459 W RanchuHwc: presentDisplay display has no layers to compose, flushing client target buffer.
11-13 15:01:14.866  8609  8632 W Parcel  : Expecting binder but got null!
11-13 15:01:14.870   583   612 W ziparchive: Unable to open '/data/app/~~5RiNk3rPs5AFC0sFMvTQ5g==/com.example.lunchtray-inAzywc5LdQ-HhiRt4RrJg==/base.dm': No such file or directory
11-13 15:01:14.871   583   612 I ActivityTaskManager: Displayed com.example.lunchtray/androidx.fragment.app.testing.FragmentScenario$EmptyFragmentActivity: +129ms
11-13 15:01:14.875  8609  8609 D AutofillManager: Fill dialog is enabled:false, hints=[]
11-13 15:01:14.878   406   487 W TransactionTracing: Could not find layer handle 0xb40000745ac2cf10
11-13 15:01:14.878   406   487 W TransactionTracing: Could not find layer handle 0xb40000745ac30030
11-13 15:01:14.883   383   459 W RanchuHwc: presentDisplay display has no layers to compose, flushing client target buffer.
11-13 15:01:14.903   383   459 W RanchuHwc: presentDisplay display has no layers to compose, flushing client target buffer.
11-13 15:01:14.922   383   459 W RanchuHwc: presentDisplay display has no layers to compose, flushing client target buffer.
11-13 15:01:14.936   383   459 W RanchuHwc: presentDisplay display has no layers to compose, flushing client target buffer.
11-13 15:01:14.948   383   459 W RanchuHwc: presentDisplay display has no layers to compose, flushing client target buffer.
11-13 15:01:14.959  1476  1476 I GoogleInputMethodService: GoogleInputMethodService.onFinishInput():3204
11-13 15:01:14.963   383   459 W RanchuHwc: presentDisplay display has no layers to compose, flushing client target buffer.
11-13 15:01:14.964  1476  1476 I GoogleInputMethodService: GoogleInputMethodService.updateDeviceLockedStatus():2100 checkRepeatedly = false, unlocked = true
11-13 15:01:14.964  1476  1476 I GoogleInputMethodService: GoogleInputMethodService.onStartInput():1903 onStartInput(EditorInfo{inputType=0x0(NULL) imeOptions=0x0 privateImeOptions=null actionName=UNSPECIFIED actionLabel=null actionId=0 initialSelStart=-1 initialSelEnd=-1 initialCapsMode=0x0 hintText=null label=null packageName=com.example.lunchtray fieldId=-1 fieldName=null extras=null}, false)
11-13 15:01:14.965  1476  1476 I GoogleInputMethodService: GoogleInputMethodService.updateDeviceLockedStatus():2100 checkRepeatedly = true, unlocked = true
11-13 15:01:14.977   406   487 W TransactionTracing: Could not find layer handle 0xb40000745ac309f0
11-13 15:01:14.980   383   459 W RanchuHwc: presentDisplay display has no layers to compose, flushing client target buffer.
11-13 15:01:14.997   383   459 W RanchuHwc: presentDisplay display has no layers to compose, flushing client target buffer.
11-13 15:01:15.014   383   459 W RanchuHwc: presentDisplay display has no layers to compose, flushing client target buffer.
11-13 15:01:15.032   383   459 W RanchuHwc: presentDisplay display has no layers to compose, flushing client target buffer.
11-13 15:01:15.051   383   459 W RanchuHwc: presentDisplay display has no layers to compose, flushing client target buffer.
11-13 15:01:15.063   383   459 W RanchuHwc: presentDisplay display has no layers to compose, flushing client target buffer.
11-13 15:01:15.080   383   459 W RanchuHwc: presentDisplay display has no layers to compose, flushing client target buffer.
11-13 15:01:15.091  8609  8609 I ViewInteraction: Performing 'single click' action on view view.getId() is <2131230842/com.example.lunchtray:id/cancel_button>
11-13 15:01:15.095  1217  1217 D TaplEvents: TIS / TouchInteractionService.onInputEvent: MotionEvent { action=ACTION_DOWN, actionButton=0, id[0]=0, x[0]=280.5, y[0]=1388.5, toolType[0]=TOOL_TYPE_UNKNOWN, buttonState=BUTTON_PRIMARY, classification=NONE, metaState=0, flags=0x0, edgeFlags=0x0, pointerCount=1, historySize=0, eventTime=6281301, downTime=6281301, deviceId=-1, source=0x1002, displayId=0, eventId=-373823029 }
11-13 15:01:15.098   383   459 W RanchuHwc: presentDisplay display has no layers to compose, flushing client target buffer.
11-13 15:01:15.100  8609  8609 D LifecycleMonitor: Lifecycle status change: androidx.test.core.app.InstrumentationActivityInvoker$BootstrapActivity@8af60eb in: STOPPED
11-13 15:01:15.100  8609  8609 V ActivityScenario: Activity lifecycle changed event received but ignored because the intent does not match. startActivityIntent=Intent { act=android.intent.action.MAIN cat=[android.intent.category.LAUNCHER] cmp=com.example.lunchtray/androidx.fragment.app.testing.FragmentScenario$EmptyFragmentActivity (has extras) }, activity.getIntent()=Intent { act=android.intent.action.MAIN cat=[android.intent.category.LAUNCHER] flg=0x10008000 cmp=com.example.lunchtray/androidx.test.core.app.InstrumentationActivityInvoker$BootstrapActivity (has extras) }, activity=androidx.test.core.app.InstrumentationActivityInvoker$BootstrapActivity@8af60eb
11-13 15:01:15.100  8609  8609 V ActivityScenario: Activity lifecycle changed event received but ignored because the intent does not match. startActivityIntent=Intent { act=android.intent.action.MAIN cat=[android.intent.category.LAUNCHER] cmp=com.example.lunchtray/androidx.fragment.app.testing.FragmentScenario$EmptyFragmentActivity (has extras) }, activity.getIntent()=Intent { act=android.intent.action.MAIN cat=[android.intent.category.LAUNCHER] flg=0x10008000 cmp=com.example.lunchtray/androidx.test.core.app.InstrumentationActivityInvoker$BootstrapActivity (has extras) }, activity=androidx.test.core.app.InstrumentationActivityInvoker$BootstrapActivity@8af60eb
11-13 15:01:15.116   383   459 W RanchuHwc: presentDisplay display has no layers to compose, flushing client target buffer.
11-13 15:01:15.125  1886  1886 I A       : onApplyWindowInsets: systemWindowInsets=Insets{left=0, top=66, right=0, bottom=66}
11-13 15:01:15.125  1886  1886 I A       : onApplyWindowInsets: systemWindowInsets=Insets{left=0, top=66, right=0, bottom=66}
11-13 15:01:15.127   406   487 W TransactionTracing: Could not find layer id -1
11-13 15:01:15.128   406   487 W TransactionTracing: Could not find layer id -1
11-13 15:01:15.133   383   459 W RanchuHwc: presentDisplay display has no layers to compose, flushing client target buffer.
11-13 15:01:15.134  1217  1217 D TaplEvents: TIS / TouchInteractionService.onInputEvent: MotionEvent { action=ACTION_UP, actionButton=0, id[0]=0, x[0]=280.5, y[0]=1388.5, toolType[0]=TOOL_TYPE_FINGER, buttonState=BUTTON_PRIMARY, classification=NONE, metaState=0, flags=0x0, edgeFlags=0x0, pointerCount=1, historySize=0, eventTime=6281342, downTime=6281301, deviceId=-1, source=0x1002, displayId=0, eventId=-771926310 }
11-13 15:01:15.146   368   368 E android.hardware.audio@7.0-impl.ranchu: device/generic/goldfish/audio/stream_out.cpp:updateSourceMetadata:378 failure: Result::NOT_SUPPORTED
11-13 15:01:15.147   383   459 W RanchuHwc: presentDisplay display has no layers to compose, flushing client target buffer.
11-13 15:01:15.155   583   779 W InputManager-JNI: Input channel object '797e8a4 Splash Screen com.example.lunchtray (client)' was disposed without first being removed with the input manager!
11-13 15:01:15.161   406   487 W TransactionTracing: Could not find layer handle 0xb40000745ac2e0b0
11-13 15:01:15.161   406   487 W TransactionTracing: Could not find layer handle 0xb40000745ac2ae70
11-13 15:01:15.163   383   459 W RanchuHwc: presentDisplay display has no layers to compose, flushing client target buffer.
11-13 15:01:15.166   403   550 D AudioFlinger: mixer(0xb4000073d057a9b0) throttle end: throttle time(37)
11-13 15:01:15.177   406   487 W TransactionTracing: Could not find layer id -1
11-13 15:01:15.181   383   459 W RanchuHwc: presentDisplay display has no layers to compose, flushing client target buffer.
11-13 15:01:15.198   383   459 W RanchuHwc: presentDisplay display has no layers to compose, flushing client target buffer.
11-13 15:01:15.213   383   459 W RanchuHwc: presentDisplay display has no layers to compose, flushing client target buffer.
11-13 15:01:15.230   383   459 W RanchuHwc: presentDisplay display has no layers to compose, flushing client target buffer.
11-13 15:01:15.245   383   459 W RanchuHwc: presentDisplay display has no layers to compose, flushing client target buffer.
11-13 15:01:15.263   383   459 W RanchuHwc: presentDisplay display has no layers to compose, flushing client target buffer.
11-13 15:01:15.279   383   459 W RanchuHwc: presentDisplay display has no layers to compose, flushing client target buffer.
11-13 15:01:15.295   383   459 W RanchuHwc: presentDisplay display has no layers to compose, flushing client target buffer.
11-13 15:01:15.312   383   459 W RanchuHwc: presentDisplay display has no layers to compose, flushing client target buffer.
11-13 15:01:15.327   406   487 W TransactionTracing: Could not find layer handle 0xb40000745ac32d30
11-13 15:01:15.327   406   487 W TransactionTracing: Could not find layer handle 0xb40000745ac2c310
11-13 15:01:15.327   406   487 W TransactionTracing: Could not find layer handle 0xb40000745ac2e6b0
11-13 15:01:15.327   406   487 W TransactionTracing: Could not find layer handle 0xb40000745ac2e6b0
11-13 15:01:15.327   406   487 W TransactionTracing: Could not find layer handle 0xb40000745ac2c310
11-13 15:01:15.330   383   459 W RanchuHwc: presentDisplay display has no layers to compose, flushing client target buffer.
11-13 15:01:15.355  8609  8630 I TestRunner: finished: navigate_to_start_order_from_entree_menu(com.example.lunchtray.NavigationTests)
