11-13 15:01:16.799  8609  8630 I TestRunner: started: navigate_to_entree_menu_from_start_order(com.example.lunchtray.NavigationTests)
11-13 15:01:16.806  8609  8630 W Settings: Setting always_finish_activities has moved from android.provider.Settings.System to android.provider.Settings.Global, returning read-only value.
11-13 15:01:16.819   784  1042 D SplashScreenView: Build android.window.SplashScreenView{51b6df4 V.E...... ......ID 0,0-0,0}
11-13 15:01:16.819   784  1042 D SplashScreenView: Icon: view: null drawable: null size: 0
11-13 15:01:16.819   784  1042 D SplashScreenView: Branding: view: android.view.View{6e6591d G.ED..... ......I. 0,0-0,0 #10204d9 android:id/splashscreen_branding_view} drawable: null size w: 0 h: 0
11-13 15:01:16.830   383   459 W RanchuHwc: presentDisplay display has no layers to compose, flushing client target buffer.
11-13 15:01:16.838  8609  8609 D LifecycleMonitor: Lifecycle status change: androidx.test.core.app.InstrumentationActivityInvoker$BootstrapActivity@575eb3d in: PRE_ON_CREATE
11-13 15:01:16.839  8609  8609 V ActivityScenario: Activity lifecycle changed event received but ignored because the intent does not match. startActivityIntent=Intent { act=android.intent.action.MAIN cat=[android.intent.category.LAUNCHER] cmp=com.example.lunchtray/androidx.fragment.app.testing.FragmentScenario$EmptyFragmentActivity (has extras) }, activity.getIntent()=Intent { act=android.intent.action.MAIN cat=[android.intent.category.LAUNCHER] flg=0x10008000 cmp=com.example.lunchtray/androidx.test.core.app.InstrumentationActivityInvoker$BootstrapActivity (has extras) }, activity=androidx.test.core.app.InstrumentationActivityInvoker$BootstrapActivity@575eb3d
11-13 15:01:16.840   382   451 D goldfish-address-space: claimShared: Ask to claim region [0x1f6150000 0x1f6af4000]
11-13 15:01:16.841  8609  8609 V ActivityScenario: Activity lifecycle changed event received but ignored because the intent does not match. startActivityIntent=Intent { act=android.intent.action.MAIN cat=[android.intent.category.LAUNCHER] cmp=com.example.lunchtray/androidx.fragment.app.testing.FragmentScenario$EmptyFragmentActivity (has extras) }, activity.getIntent()=Intent { act=android.intent.action.MAIN cat=[android.intent.category.LAUNCHER] flg=0x10008000 cmp=com.example.lunchtray/androidx.test.core.app.InstrumentationActivityInvoker$BootstrapActivity (has extras) }, activity=androidx.test.core.app.InstrumentationActivityInvoker$BootstrapActivity@575eb3d
11-13 15:01:16.841  8609  8609 V ActivityScenario: Activity lifecycle changed event received but ignored because the intent does not match. startActivityIntent=Intent { act=android.intent.action.MAIN cat=[android.intent.category.LAUNCHER] cmp=com.example.lunchtray/androidx.fragment.app.testing.FragmentScenario$EmptyFragmentActivity (has extras) }, activity.getIntent()=Intent { act=android.intent.action.MAIN cat=[android.intent.category.LAUNCHER] flg=0x10008000 cmp=com.example.lunchtray/androidx.test.core.app.InstrumentationActivityInvoker$BootstrapActivity (has extras) }, activity=androidx.test.core.app.InstrumentationActivityInvoker$BootstrapActivity@575eb3d
11-13 15:01:16.841  8609  8609 V ActivityScenario: Activity lifecycle changed event received but ignored because the intent does not match. startActivityIntent=Intent { act=android.intent.action.MAIN cat=[android.intent.category.LAUNCHER] cmp=com.example.lunchtray/androidx.fragment.app.testing.FragmentScenario$EmptyFragmentActivity (has extras) }, activity.getIntent()=Intent { act=android.intent.action.MAIN cat=[android.intent.category.LAUNCHER] flg=0x10008000 cmp=com.example.lunchtray/androidx.test.core.app.InstrumentationActivityInvoker$BootstrapActivity (has extras) }, activity=androidx.test.core.app.InstrumentationActivityInvoker$BootstrapActivity@575eb3d
11-13 15:01:16.843   382   451 D goldfish-address-space: claimShared: Ask to claim region [0x1f4fd0000 0x1f5974000]
11-13 15:01:16.850   383   459 W RanchuHwc: presentDisplay display has no layers to compose, flushing client target buffer.
11-13 15:01:16.851   382   451 D goldfish-address-space: claimShared: Ask to claim region [0x1fb034000 0x1fb9d8000]
11-13 15:01:16.851   784  1069 W Parcel  : Expecting binder but got null!
11-13 15:01:16.854  8609  8609 D LifecycleMonitor: Lifecycle status change: androidx.test.core.app.InstrumentationActivityInvoker$BootstrapActivity@575eb3d in: CREATED
11-13 15:01:16.854  8609  8609 V ActivityScenario: Activity lifecycle changed event received but ignored because the intent does not match. startActivityIntent=Intent { act=android.intent.action.MAIN cat=[android.intent.category.LAUNCHER] cmp=com.example.lunchtray/androidx.fragment.app.testing.FragmentScenario$EmptyFragmentActivity (has extras) }, activity.getIntent()=Intent { act=android.intent.action.MAIN cat=[android.intent.category.LAUNCHER] flg=0x10008000 cmp=com.example.lunchtray/androidx.test.core.app.InstrumentationActivityInvoker$BootstrapActivity (has extras) }, activity=androidx.test.core.app.InstrumentationActivityInvoker$BootstrapActivity@575eb3d
11-13 15:01:16.855  8609  8609 V ActivityScenario: Activity lifecycle changed event received but ignored because the intent does not match. startActivityIntent=Intent { act=android.intent.action.MAIN cat=[android.intent.category.LAUNCHER] cmp=com.example.lunchtray/androidx.fragment.app.testing.FragmentScenario$EmptyFragmentActivity (has extras) }, activity.getIntent()=Intent { act=android.intent.action.MAIN cat=[android.intent.category.LAUNCHER] flg=0x10008000 cmp=com.example.lunchtray/androidx.test.core.app.InstrumentationActivityInvoker$BootstrapActivity (has extras) }, activity=androidx.test.core.app.InstrumentationActivityInvoker$BootstrapActivity@575eb3d
11-13 15:01:16.855  8609  8609 V ActivityScenario: Activity lifecycle changed event received but ignored because the intent does not match. startActivityIntent=Intent { act=android.intent.action.MAIN cat=[android.intent.category.LAUNCHER] cmp=com.example.lunchtray/androidx.fragment.app.testing.FragmentScenario$EmptyFragmentActivity (has extras) }, activity.getIntent()=Intent { act=android.intent.action.MAIN cat=[android.intent.category.LAUNCHER] flg=0x10008000 cmp=com.example.lunchtray/androidx.test.core.app.InstrumentationActivityInvoker$BootstrapActivity (has extras) }, activity=androidx.test.core.app.InstrumentationActivityInvoker$BootstrapActivity@575eb3d
11-13 15:01:16.855  8609  8609 V ActivityScenario: Activity lifecycle changed event received but ignored because the intent does not match. startActivityIntent=Intent { act=android.intent.action.MAIN cat=[android.intent.category.LAUNCHER] cmp=com.example.lunchtray/androidx.fragment.app.testing.FragmentScenario$EmptyFragmentActivity (has extras) }, activity.getIntent()=Intent { act=android.intent.action.MAIN cat=[android.intent.category.LAUNCHER] flg=0x10008000 cmp=com.example.lunchtray/androidx.test.core.app.InstrumentationActivityInvoker$BootstrapActivity (has extras) }, activity=androidx.test.core.app.InstrumentationActivityInvoker$BootstrapActivity@575eb3d
11-13 15:01:16.857  8609  8609 D LifecycleMonitor: Lifecycle status change: androidx.test.core.app.InstrumentationActivityInvoker$BootstrapActivity@575eb3d in: STARTED
11-13 15:01:16.859  8609  8609 V ActivityScenario: Activity lifecycle changed event received but ignored because the intent does not match. startActivityIntent=Intent { act=android.intent.action.MAIN cat=[android.intent.category.LAUNCHER] cmp=com.example.lunchtray/androidx.fragment.app.testing.FragmentScenario$EmptyFragmentActivity (has extras) }, activity.getIntent()=Intent { act=android.intent.action.MAIN cat=[android.intent.category.LAUNCHER] flg=0x10008000 cmp=com.example.lunchtray/androidx.test.core.app.InstrumentationActivityInvoker$BootstrapActivity (has extras) }, activity=androidx.test.core.app.InstrumentationActivityInvoker$BootstrapActivity@575eb3d
11-13 15:01:16.859  8609  8609 V ActivityScenario: Activity lifecycle changed event received but ignored because the intent does not match. startActivityIntent=Intent { act=android.intent.action.MAIN cat=[android.intent.category.LAUNCHER] cmp=com.example.lunchtray/androidx.fragment.app.testing.FragmentScenario$EmptyFragmentActivity (has extras) }, activity.getIntent()=Intent { act=android.intent.action.MAIN cat=[android.intent.category.LAUNCHER] flg=0x10008000 cmp=com.example.lunchtray/androidx.test.core.app.InstrumentationActivityInvoker$BootstrapActivity (has extras) }, activity=androidx.test.core.app.InstrumentationActivityInvoker$BootstrapActivity@575eb3d
11-13 15:01:16.859  8609  8609 V ActivityScenario: Activity lifecycle changed event received but ignored because the intent does not match. startActivityIntent=Intent { act=android.intent.action.MAIN cat=[android.intent.category.LAUNCHER] cmp=com.example.lunchtray/androidx.fragment.app.testing.FragmentScenario$EmptyFragmentActivity (has extras) }, activity.getIntent()=Intent { act=android.intent.action.MAIN cat=[android.intent.category.LAUNCHER] flg=0x10008000 cmp=com.example.lunchtray/androidx.test.core.app.InstrumentationActivityInvoker$BootstrapActivity (has extras) }, activity=androidx.test.core.app.InstrumentationActivityInvoker$BootstrapActivity@575eb3d
11-13 15:01:16.860  8609  8609 V ActivityScenario: Activity lifecycle changed event received but ignored because the intent does not match. startActivityIntent=Intent { act=android.intent.action.MAIN cat=[android.intent.category.LAUNCHER] cmp=com.example.lunchtray/androidx.fragment.app.testing.FragmentScenario$EmptyFragmentActivity (has extras) }, activity.getIntent()=Intent { act=android.intent.action.MAIN cat=[android.intent.category.LAUNCHER] flg=0x10008000 cmp=com.example.lunchtray/androidx.test.core.app.InstrumentationActivityInvoker$BootstrapActivity (has extras) }, activity=androidx.test.core.app.InstrumentationActivityInvoker$BootstrapActivity@575eb3d
11-13 15:01:16.864   383   459 W RanchuHwc: presentDisplay display has no layers to compose, flushing client target buffer.
11-13 15:01:16.874  8609  8609 D LifecycleMonitor: Lifecycle status change: androidx.test.core.app.InstrumentationActivityInvoker$BootstrapActivity@575eb3d in: RESUMED
11-13 15:01:16.874  8609  8609 V ActivityScenario: Activity lifecycle changed event received but ignored because the intent does not match. startActivityIntent=Intent { act=android.intent.action.MAIN cat=[android.intent.category.LAUNCHER] cmp=com.example.lunchtray/androidx.fragment.app.testing.FragmentScenario$EmptyFragmentActivity (has extras) }, activity.getIntent()=Intent { act=android.intent.action.MAIN cat=[android.intent.category.LAUNCHER] flg=0x10008000 cmp=com.example.lunchtray/androidx.test.core.app.InstrumentationActivityInvoker$BootstrapActivity (has extras) }, activity=androidx.test.core.app.InstrumentationActivityInvoker$BootstrapActivity@575eb3d
11-13 15:01:16.875  8609  8609 V ActivityScenario: Activity lifecycle changed event received but ignored because the intent does not match. startActivityIntent=Intent { act=android.intent.action.MAIN cat=[android.intent.category.LAUNCHER] cmp=com.example.lunchtray/androidx.fragment.app.testing.FragmentScenario$EmptyFragmentActivity (has extras) }, activity.getIntent()=Intent { act=android.intent.action.MAIN cat=[android.intent.category.LAUNCHER] flg=0x10008000 cmp=com.example.lunchtray/androidx.test.core.app.InstrumentationActivityInvoker$BootstrapActivity (has extras) }, activity=androidx.test.core.app.InstrumentationActivityInvoker$BootstrapActivity@575eb3d
11-13 15:01:16.876  8609  8609 V ActivityScenario: Activity lifecycle changed event received but ignored because the intent does not match. startActivityIntent=Intent { act=android.intent.action.MAIN cat=[android.intent.category.LAUNCHER] cmp=com.example.lunchtray/androidx.fragment.app.testing.FragmentScenario$EmptyFragmentActivity (has extras) }, activity.getIntent()=Intent { act=android.intent.action.MAIN cat=[android.intent.category.LAUNCHER] flg=0x10008000 cmp=com.example.lunchtray/androidx.test.core.app.InstrumentationActivityInvoker$BootstrapActivity (has extras) }, activity=androidx.test.core.app.InstrumentationActivityInvoker$BootstrapActivity@575eb3d
11-13 15:01:16.876  8609  8609 V ActivityScenario: Activity lifecycle changed event received but ignored because the intent does not match. startActivityIntent=Intent { act=android.intent.action.MAIN cat=[android.intent.category.LAUNCHER] cmp=com.example.lunchtray/androidx.fragment.app.testing.FragmentScenario$EmptyFragmentActivity (has extras) }, activity.getIntent()=Intent { act=android.intent.action.MAIN cat=[android.intent.category.LAUNCHER] flg=0x10008000 cmp=com.example.lunchtray/androidx.test.core.app.InstrumentationActivityInvoker$BootstrapActivity (has extras) }, activity=androidx.test.core.app.InstrumentationActivityInvoker$BootstrapActivity@575eb3d
11-13 15:01:16.877   406   487 W TransactionTracing: Could not find layer id -1
11-13 15:01:16.877  8609  8609 D LifecycleMonitor: Lifecycle status change: androidx.test.core.app.InstrumentationActivityInvoker$BootstrapActivity@575eb3d in: PAUSED
11-13 15:01:16.878  8609  8609 V ActivityScenario: Activity lifecycle changed event received but ignored because the intent does not match. startActivityIntent=Intent { act=android.intent.action.MAIN cat=[android.intent.category.LAUNCHER] cmp=com.example.lunchtray/androidx.fragment.app.testing.FragmentScenario$EmptyFragmentActivity (has extras) }, activity.getIntent()=Intent { act=android.intent.action.MAIN cat=[android.intent.category.LAUNCHER] flg=0x10008000 cmp=com.example.lunchtray/androidx.test.core.app.InstrumentationActivityInvoker$BootstrapActivity (has extras) }, activity=androidx.test.core.app.InstrumentationActivityInvoker$BootstrapActivity@575eb3d
11-13 15:01:16.878  8609  8609 V ActivityScenario: Activity lifecycle changed event received but ignored because the intent does not match. startActivityIntent=Intent { act=android.intent.action.MAIN cat=[android.intent.category.LAUNCHER] cmp=com.example.lunchtray/androidx.fragment.app.testing.FragmentScenario$EmptyFragmentActivity (has extras) }, activity.getIntent()=Intent { act=android.intent.action.MAIN cat=[android.intent.category.LAUNCHER] flg=0x10008000 cmp=com.example.lunchtray/androidx.test.core.app.InstrumentationActivityInvoker$BootstrapActivity (has extras) }, activity=androidx.test.core.app.InstrumentationActivityInvoker$BootstrapActivity@575eb3d
11-13 15:01:16.878  8609  8609 V ActivityScenario: Activity lifecycle changed event received but ignored because the intent does not match. startActivityIntent=Intent { act=android.intent.action.MAIN cat=[android.intent.category.LAUNCHER] cmp=com.example.lunchtray/androidx.fragment.app.testing.FragmentScenario$EmptyFragmentActivity (has extras) }, activity.getIntent()=Intent { act=android.intent.action.MAIN cat=[android.intent.category.LAUNCHER] flg=0x10008000 cmp=com.example.lunchtray/androidx.test.core.app.InstrumentationActivityInvoker$BootstrapActivity (has extras) }, activity=androidx.test.core.app.InstrumentationActivityInvoker$BootstrapActivity@575eb3d
11-13 15:01:16.878  8609  8609 V ActivityScenario: Activity lifecycle changed event received but ignored because the intent does not match. startActivityIntent=Intent { act=android.intent.action.MAIN cat=[android.intent.category.LAUNCHER] cmp=com.example.lunchtray/androidx.fragment.app.testing.FragmentScenario$EmptyFragmentActivity (has extras) }, activity.getIntent()=Intent { act=android.intent.action.MAIN cat=[android.intent.category.LAUNCHER] flg=0x10008000 cmp=com.example.lunchtray/androidx.test.core.app.InstrumentationActivityInvoker$BootstrapActivity (has extras) }, activity=androidx.test.core.app.InstrumentationActivityInvoker$BootstrapActivity@575eb3d
11-13 15:01:16.881   383   459 W RanchuHwc: presentDisplay display has no layers to compose, flushing client target buffer.
11-13 15:01:16.891  8609  8609 D LifecycleMonitor: Lifecycle status change: androidx.fragment.app.testing.FragmentScenario$EmptyFragmentActivity@1add518 in: PRE_ON_CREATE
11-13 15:01:16.892  8609  8609 V ActivityScenario: Activity lifecycle changed event received but ignored because the reported transition was not ON_CREATE while the last known transition was DESTROYED
11-13 15:01:16.892  8609  8609 V ActivityScenario: Activity lifecycle changed event received but ignored because the reported transition was not ON_CREATE while the last known transition was DESTROYED
11-13 15:01:16.893  8609  8609 V ActivityScenario: Activity lifecycle changed event received but ignored because the reported transition was not ON_CREATE while the last known transition was DESTROYED
11-13 15:01:16.893  8609  8609 V ActivityScenario: Activity lifecycle changed event received but ignored because the reported transition was not ON_CREATE while the last known transition was PRE_ON_CREATE
11-13 15:01:16.897   383   459 W RanchuHwc: presentDisplay display has no layers to compose, flushing client target buffer.
11-13 15:01:16.903  8609  8609 D LifecycleMonitor: Lifecycle status change: androidx.fragment.app.testing.FragmentScenario$EmptyFragmentActivity@1add518 in: CREATED
11-13 15:01:16.903  8609  8609 V ActivityScenario: Update currentActivityStage to CREATED, currentActivity=androidx.fragment.app.testing.FragmentScenario$EmptyFragmentActivity@1add518
11-13 15:01:16.904  8609  8609 V ActivityScenario: Update currentActivityStage to CREATED, currentActivity=androidx.fragment.app.testing.FragmentScenario$EmptyFragmentActivity@1add518
11-13 15:01:16.904  8609  8609 V ActivityScenario: Update currentActivityStage to CREATED, currentActivity=androidx.fragment.app.testing.FragmentScenario$EmptyFragmentActivity@1add518
11-13 15:01:16.904  8609  8609 V ActivityScenario: Update currentActivityStage to CREATED, currentActivity=androidx.fragment.app.testing.FragmentScenario$EmptyFragmentActivity@1add518
11-13 15:01:16.908  8609  8609 D LifecycleMonitor: Lifecycle status change: androidx.fragment.app.testing.FragmentScenario$EmptyFragmentActivity@1add518 in: STARTED
11-13 15:01:16.908  8609  8609 V ActivityScenario: Update currentActivityStage to STARTED, currentActivity=androidx.fragment.app.testing.FragmentScenario$EmptyFragmentActivity@1add518
11-13 15:01:16.908  8609  8609 V ActivityScenario: Update currentActivityStage to STARTED, currentActivity=androidx.fragment.app.testing.FragmentScenario$EmptyFragmentActivity@1add518
11-13 15:01:16.909  8609  8609 V ActivityScenario: Update currentActivityStage to STARTED, currentActivity=androidx.fragment.app.testing.FragmentScenario$EmptyFragmentActivity@1add518
11-13 15:01:16.909  8609  8609 V ActivityScenario: Update currentActivityStage to STARTED, currentActivity=androidx.fragment.app.testing.FragmentScenario$EmptyFragmentActivity@1add518
11-13 15:01:16.910  8609  8609 D LifecycleMonitor: Lifecycle status change: androidx.fragment.app.testing.FragmentScenario$EmptyFragmentActivity@1add518 in: RESUMED
11-13 15:01:16.910  8609  8609 V ActivityScenario: Update currentActivityStage to RESUMED, currentActivity=androidx.fragment.app.testing.FragmentScenario$EmptyFragmentActivity@1add518
11-13 15:01:16.910  8609  8609 V ActivityScenario: Update currentActivityStage to RESUMED, currentActivity=androidx.fragment.app.testing.FragmentScenario$EmptyFragmentActivity@1add518
11-13 15:01:16.910  8609  8609 V ActivityScenario: Update currentActivityStage to RESUMED, currentActivity=androidx.fragment.app.testing.FragmentScenario$EmptyFragmentActivity@1add518
11-13 15:01:16.911  8609  8609 V ActivityScenario: Update currentActivityStage to RESUMED, currentActivity=androidx.fragment.app.testing.FragmentScenario$EmptyFragmentActivity@1add518
11-13 15:01:16.915   383   459 W RanchuHwc: presentDisplay display has no layers to compose, flushing client target buffer.
11-13 15:01:16.932   383   459 W RanchuHwc: presentDisplay display has no layers to compose, flushing client target buffer.
11-13 15:01:16.932  1556  1556 I GsaVoiceInteractionSrv: Handling ACTION_STOP_HOTWORD
11-13 15:01:16.932  1556  2320 E HwDetectorWithState: a: 3
11-13 15:01:16.939   382   451 D goldfish-address-space: claimShared: Ask to claim region [0x1f8000000 0x1f89a4000]
11-13 15:01:16.942   382   451 D goldfish-address-space: claimShared: Ask to claim region [0x1f89a4000 0x1f9348000]
11-13 15:01:16.944   382   451 D goldfish-address-space: claimShared: Ask to claim region [0x1f9348000 0x1f9cec000]
11-13 15:01:16.946   406   487 W TransactionTracing: Could not find layer id -1
11-13 15:01:16.947  8609  8632 W Parcel  : Expecting binder but got null!
11-13 15:01:16.951   383   459 W RanchuHwc: presentDisplay display has no layers to compose, flushing client target buffer.
11-13 15:01:16.953   583   612 W ziparchive: Unable to open '/data/app/~~5RiNk3rPs5AFC0sFMvTQ5g==/com.example.lunchtray-inAzywc5LdQ-HhiRt4RrJg==/base.dm': No such file or directory
11-13 15:01:16.961   583   612 I ActivityTaskManager: Displayed com.example.lunchtray/androidx.fragment.app.testing.FragmentScenario$EmptyFragmentActivity: +138ms
11-13 15:01:16.967   383   459 W RanchuHwc: presentDisplay display has no layers to compose, flushing client target buffer.
11-13 15:01:16.969  1476  1476 I GoogleInputMethodService: GoogleInputMethodService.onFinishInput():3204
11-13 15:01:16.971  1476  1476 I GoogleInputMethodService: GoogleInputMethodService.updateDeviceLockedStatus():2100 checkRepeatedly = false, unlocked = true
11-13 15:01:16.971  1476  1476 I GoogleInputMethodService: GoogleInputMethodService.onStartInput():1903 onStartInput(EditorInfo{inputType=0x0(NULL) imeOptions=0x0 privateImeOptions=null actionName=UNSPECIFIED actionLabel=null actionId=0 initialSelStart=-1 initialSelEnd=-1 initialCapsMode=0x0 hintText=null label=null packageName=com.example.lunchtray fieldId=-1 fieldName=null extras=null}, false)
11-13 15:01:16.972  1476  1476 I GoogleInputMethodService: GoogleInputMethodService.updateDeviceLockedStatus():2100 checkRepeatedly = true, unlocked = true
11-13 15:01:16.977   406   487 W TransactionTracing: Could not find layer handle 0xb40000745ac31710
11-13 15:01:16.977   406   487 W TransactionTracing: Could not find layer id -1
11-13 15:01:16.977   406   487 W TransactionTracing: Could not find layer id -1
11-13 15:01:16.987   383   459 W RanchuHwc: presentDisplay display has no layers to compose, flushing client target buffer.
11-13 15:01:17.004   383   459 W RanchuHwc: presentDisplay display has no layers to compose, flushing client target buffer.
11-13 15:01:17.013  8609  8609 I ViewInteraction: Performing 'single click' action on view view.getId() is <2131231208/com.example.lunchtray:id/start_order_btn>
11-13 15:01:17.016  1217  1217 D TaplEvents: TIS / TouchInteractionService.onInputEvent: MotionEvent { action=ACTION_DOWN, actionButton=0, id[0]=0, x[0]=539.5, y[0]=1180.5, toolType[0]=TOOL_TYPE_UNKNOWN, buttonState=BUTTON_PRIMARY, classification=NONE, metaState=0, flags=0x0, edgeFlags=0x0, pointerCount=1, historySize=0, eventTime=6283223, downTime=6283223, deviceId=-1, source=0x1002, displayId=0, eventId=-186792617 }
11-13 15:01:17.018  8609  8609 D AutofillManager: Fill dialog is enabled:false, hints=[]
11-13 15:01:17.019   383   459 W RanchuHwc: presentDisplay display has no layers to compose, flushing client target buffer.
11-13 15:01:17.030   383   459 W RanchuHwc: presentDisplay display has no layers to compose, flushing client target buffer.
11-13 15:01:17.043   406   487 W TransactionTracing: Could not find layer id -1
11-13 15:01:17.043   406   487 W TransactionTracing: Could not find layer id -1
11-13 15:01:17.047   383   459 W RanchuHwc: presentDisplay display has no layers to compose, flushing client target buffer.
11-13 15:01:17.056  1217  1217 D TaplEvents: TIS / TouchInteractionService.onInputEvent: MotionEvent { action=ACTION_UP, actionButton=0, id[0]=0, x[0]=539.5, y[0]=1180.5, toolType[0]=TOOL_TYPE_FINGER, buttonState=BUTTON_PRIMARY, classification=NONE, metaState=0, flags=0x0, edgeFlags=0x0, pointerCount=1, historySize=0, eventTime=6283264, downTime=6283223, deviceId=-1, source=0x1002, displayId=0, eventId=-38701370 }
11-13 15:01:17.059   368   368 E android.hardware.audio@7.0-impl.ranchu: device/generic/goldfish/audio/stream_out.cpp:updateSourceMetadata:378 failure: Result::NOT_SUPPORTED
11-13 15:01:17.065   383   459 W RanchuHwc: presentDisplay display has no layers to compose, flushing client target buffer.
11-13 15:01:17.082   383   459 W RanchuHwc: presentDisplay display has no layers to compose, flushing client target buffer.
11-13 15:01:17.096   383   459 W RanchuHwc: presentDisplay display has no layers to compose, flushing client target buffer.
11-13 15:01:17.115   383   459 W RanchuHwc: presentDisplay display has no layers to compose, flushing client target buffer.
11-13 15:01:17.131   383   459 W RanchuHwc: presentDisplay display has no layers to compose, flushing client target buffer.
11-13 15:01:17.148   383   459 W RanchuHwc: presentDisplay display has no layers to compose, flushing client target buffer.
11-13 15:01:17.166   383   459 W RanchuHwc: presentDisplay display has no layers to compose, flushing client target buffer.
11-13 15:01:17.170  8609  8609 D LifecycleMonitor: Lifecycle status change: androidx.test.core.app.InstrumentationActivityInvoker$BootstrapActivity@575eb3d in: STOPPED
11-13 15:01:17.171  8609  8609 V ActivityScenario: Activity lifecycle changed event received but ignored because the intent does not match. startActivityIntent=Intent { act=android.intent.action.MAIN cat=[android.intent.category.LAUNCHER] cmp=com.example.lunchtray/androidx.fragment.app.testing.FragmentScenario$EmptyFragmentActivity (has extras) }, activity.getIntent()=Intent { act=android.intent.action.MAIN cat=[android.intent.category.LAUNCHER] flg=0x10008000 cmp=com.example.lunchtray/androidx.test.core.app.InstrumentationActivityInvoker$BootstrapActivity (has extras) }, activity=androidx.test.core.app.InstrumentationActivityInvoker$BootstrapActivity@575eb3d
11-13 15:01:17.171  8609  8609 V ActivityScenario: Activity lifecycle changed event received but ignored because the intent does not match. startActivityIntent=Intent { act=android.intent.action.MAIN cat=[android.intent.category.LAUNCHER] cmp=com.example.lunchtray/androidx.fragment.app.testing.FragmentScenario$EmptyFragmentActivity (has extras) }, activity.getIntent()=Intent { act=android.intent.action.MAIN cat=[android.intent.category.LAUNCHER] flg=0x10008000 cmp=com.example.lunchtray/androidx.test.core.app.InstrumentationActivityInvoker$BootstrapActivity (has extras) }, activity=androidx.test.core.app.InstrumentationActivityInvoker$BootstrapActivity@575eb3d
11-13 15:01:17.171  8609  8609 V ActivityScenario: Activity lifecycle changed event received but ignored because the intent does not match. startActivityIntent=Intent { act=android.intent.action.MAIN cat=[android.intent.category.LAUNCHER] cmp=com.example.lunchtray/androidx.fragment.app.testing.FragmentScenario$EmptyFragmentActivity (has extras) }, activity.getIntent()=Intent { act=android.intent.action.MAIN cat=[android.intent.category.LAUNCHER] flg=0x10008000 cmp=com.example.lunchtray/androidx.test.core.app.InstrumentationActivityInvoker$BootstrapActivity (has extras) }, activity=androidx.test.core.app.InstrumentationActivityInvoker$BootstrapActivity@575eb3d
11-13 15:01:17.171  8609  8609 V ActivityScenario: Activity lifecycle changed event received but ignored because the intent does not match. startActivityIntent=Intent { act=android.intent.action.MAIN cat=[android.intent.category.LAUNCHER] cmp=com.example.lunchtray/androidx.fragment.app.testing.FragmentScenario$EmptyFragmentActivity (has extras) }, activity.getIntent()=Intent { act=android.intent.action.MAIN cat=[android.intent.category.LAUNCHER] flg=0x10008000 cmp=com.example.lunchtray/androidx.test.core.app.InstrumentationActivityInvoker$BootstrapActivity (has extras) }, activity=androidx.test.core.app.InstrumentationActivityInvoker$BootstrapActivity@575eb3d
11-13 15:01:17.177   406   487 W TransactionTracing: Could not find layer id -1
11-13 15:01:17.177   406   487 W TransactionTracing: Could not find layer id -1
11-13 15:01:17.177   406   487 W TransactionTracing: Could not find layer id -1
11-13 15:01:17.177   406   487 W TransactionTracing: Could not find layer id -1
11-13 15:01:17.177   406   487 W TransactionTracing: Could not find layer id -1
11-13 15:01:17.180   383   459 W RanchuHwc: presentDisplay display has no layers to compose, flushing client target buffer.
11-13 15:01:17.196   406   487 W TransactionTracing: Could not find layer handle 0xb40000745ac2ecb0
11-13 15:01:17.196   406   487 W TransactionTracing: Could not find layer handle 0xb40000745ac30630
11-13 15:01:17.196   406   487 W TransactionTracing: Could not find layer handle 0xb40000745ac2e9b0
11-13 15:01:17.196   406   487 W TransactionTracing: Could not find layer handle 0xb40000745ac2ecb0
11-13 15:01:17.196   406   487 W TransactionTracing: Could not find layer handle 0xb40000745ac30630
11-13 15:01:17.196   406   487 W TransactionTracing: Could not find layer handle 0xb40000745ac32cd0
11-13 15:01:17.196   406   487 W TransactionTracing: Could not find layer handle 0xb40000745ac31d10
11-13 15:01:17.196   406   487 W TransactionTracing: Could not find layer handle 0xb40000745ac2ecb0
11-13 15:01:17.196   406   487 W TransactionTracing: Could not find layer handle 0xb40000745ac30630
11-13 15:01:17.196   406   487 W TransactionTracing: Could not find layer handle 0xb40000745ac2e9b0
11-13 15:01:17.199   383   459 W RanchuHwc: presentDisplay display has no layers to compose, flushing client target buffer.
11-13 15:01:17.212   383   459 W RanchuHwc: presentDisplay display has no layers to compose, flushing client target buffer.
11-13 15:01:17.229   383   459 W RanchuHwc: presentDisplay display has no layers to compose, flushing client target buffer.
11-13 15:01:17.234   583  4395 W InputManager-JNI: Input channel object '8d0b98b Splash Screen com.example.lunchtray (client)' was disposed without first being removed with the input manager!
11-13 15:01:17.248   383   459 W RanchuHwc: presentDisplay display has no layers to compose, flushing client target buffer.
11-13 15:01:17.262   383   459 W RanchuHwc: presentDisplay display has no layers to compose, flushing client target buffer.
11-13 15:01:17.280   383   459 W RanchuHwc: presentDisplay display has no layers to compose, flushing client target buffer.
11-13 15:01:17.295  8609  8630 I TestRunner: finished: navigate_to_entree_menu_from_start_order(com.example.lunchtray.NavigationTests)
