11-13 16:57:16.396   383   459 W RanchuHwc: presentDisplay display has no layers to compose, flushing client target buffer.
11-13 16:57:16.405   383   459 W RanchuHwc: presentDisplay display has no layers to compose, flushing client target buffer.
11-13 16:57:16.415   383   459 W RanchuHwc: presentDisplay display has no layers to compose, flushing client target buffer.
11-13 16:57:16.423   382   451 D goldfish-address-space: claimShared: Ask to claim region [0x1f4000000 0x1f49a4000]
11-13 16:57:16.427   382   451 D goldfish-address-space: claimShared: Ask to claim region [0x1f6150000 0x1f6af4000]
11-13 16:57:16.427   406   487 W TransactionTracing: Could not find layer handle 0xb40000745ac351f0
11-13 16:57:16.428   406   487 W TransactionTracing: Could not find layer handle 0xb40000745ac337b0
11-13 16:57:16.429   382   382 D goldfish-address-space: claimShared: Ask to claim region [0x1f4fd0000 0x1f5974000]
11-13 16:57:16.432   383   459 W RanchuHwc: presentDisplay display has no layers to compose, flushing client target buffer.
11-13 16:57:16.441 12026 12049 W Parcel  : Expecting binder but got null!
11-13 16:57:16.445   406   487 W TransactionTracing: Could not find layer handle 0xb40000745ac32250
11-13 16:57:16.446   406   487 W TransactionTracing: Could not find layer id -1
11-13 16:57:16.451   583   612 W ziparchive: Unable to open '/data/app/~~H7zErrARcb9pfAKg_UDmDA==/com.example.lunchtray-MASSH-fbpymMZOjmuZouOA==/base.dm': No such file or directory
11-13 16:57:16.452   383   459 W RanchuHwc: presentDisplay display has no layers to compose, flushing client target buffer.
11-13 16:57:16.455   583   612 I ActivityTaskManager: Displayed com.example.lunchtray/androidx.fragment.app.testing.FragmentScenario$EmptyFragmentActivity: +265ms
11-13 16:57:16.459   406   487 W TransactionTracing: Could not find layer id -1
11-13 16:57:16.460   406   487 W TransactionTracing: Could not find layer id -1
11-13 16:57:16.471   383   459 W RanchuHwc: presentDisplay display has no layers to compose, flushing client target buffer.
11-13 16:57:16.484   383   459 W RanchuHwc: presentDisplay display has no layers to compose, flushing client target buffer.
11-13 16:57:16.486 12026 12026 D AutofillManager: Fill dialog is enabled:false, hints=[]
11-13 16:57:16.499   383   459 W RanchuHwc: presentDisplay display has no layers to compose, flushing client target buffer.
11-13 16:57:16.516   383   459 W RanchuHwc: presentDisplay display has no layers to compose, flushing client target buffer.
11-13 16:57:16.526   406   487 W TransactionTracing: Could not find layer id -1
11-13 16:57:16.529  6657  6667 W ssioncontroller: Reducing the number of considered missed Gc histogram windows from 607 to 100
11-13 16:57:16.532   383   459 W RanchuHwc: presentDisplay display has no layers to compose, flushing client target buffer.
11-13 16:57:16.547   383   459 W RanchuHwc: presentDisplay display has no layers to compose, flushing client target buffer.
11-13 16:57:16.563  1476  1476 I GoogleInputMethodService: GoogleInputMethodService.onFinishInput():3204
11-13 16:57:16.570   383   459 W RanchuHwc: presentDisplay display has no layers to compose, flushing client target buffer.
11-13 16:57:16.572  1476  1476 I GoogleInputMethodService: GoogleInputMethodService.updateDeviceLockedStatus():2100 checkRepeatedly = false, unlocked = true
11-13 16:57:16.572  1476  1476 I GoogleInputMethodService: GoogleInputMethodService.onStartInput():1903 onStartInput(EditorInfo{inputType=0x0(NULL) imeOptions=0x0 privateImeOptions=null actionName=UNSPECIFIED actionLabel=null actionId=0 initialSelStart=-1 initialSelEnd=-1 initialCapsMode=0x0 hintText=null label=null packageName=com.example.lunchtray fieldId=-1 fieldName=null extras=null}, false)
11-13 16:57:16.577  1476  1476 I GoogleInputMethodService: GoogleInputMethodService.updateDeviceLockedStatus():2100 checkRepeatedly = true, unlocked = true
11-13 16:57:16.587   406   487 W TransactionTracing: Could not find layer handle 0xb40000745ac2e170
11-13 16:57:16.590   383   459 W RanchuHwc: presentDisplay display has no layers to compose, flushing client target buffer.
11-13 16:57:16.605   383   459 W RanchuHwc: presentDisplay display has no layers to compose, flushing client target buffer.
11-13 16:57:16.619   383   459 W RanchuHwc: presentDisplay display has no layers to compose, flushing client target buffer.
11-13 16:57:16.633   406   487 W TransactionTracing: Could not find layer handle 0xb40000745ac33330
11-13 16:57:16.633   406   487 W TransactionTracing: Could not find layer handle 0xb40000745ac31dd0
11-13 16:57:16.633   406   487 W TransactionTracing: Could not find layer handle 0xb40000745ac355b0
11-13 16:57:16.633   406   487 W TransactionTracing: Could not find layer handle 0xb40000745ac33330
11-13 16:57:16.635   383   459 W RanchuHwc: presentDisplay display has no layers to compose, flushing client target buffer.
11-13 16:57:16.644   406   487 W TransactionTracing: Could not find layer id -1
11-13 16:57:16.644   406   487 W TransactionTracing: Could not find layer id -1
11-13 16:57:16.649   383   459 W RanchuHwc: presentDisplay display has no layers to compose, flushing client target buffer.
11-13 16:57:16.659   869  1136 D BtGatt.ScanManager: uid 10099 isForeground true scanMode 1
11-13 16:57:16.660   869  1136 D BtGatt.ScanManager: uid 10099 isForeground true scanMode -1
11-13 16:57:16.660   869  1136 D BtGatt.ScanManager: uid 10099 isForeground true scanMode -1
11-13 16:57:16.664   383   459 W RanchuHwc: presentDisplay display has no layers to compose, flushing client target buffer.
11-13 16:57:16.669 12026 12026 D LifecycleMonitor: Lifecycle status change: androidx.test.core.app.InstrumentationActivityInvoker$BootstrapActivity@d7174b0 in: STOPPED
11-13 16:57:16.671 12026 12026 V ActivityScenario: Activity lifecycle changed event received but ignored because the intent does not match. startActivityIntent=Intent { act=android.intent.action.MAIN cat=[android.intent.category.LAUNCHER] cmp=com.example.lunchtray/androidx.fragment.app.testing.FragmentScenario$EmptyFragmentActivity (has extras) }, activity.getIntent()=Intent { act=android.intent.action.MAIN cat=[android.intent.category.LAUNCHER] flg=0x10008000 cmp=com.example.lunchtray/androidx.test.core.app.InstrumentationActivityInvoker$BootstrapActivity (has extras) }, activity=androidx.test.core.app.InstrumentationActivityInvoker$BootstrapActivity@d7174b0
11-13 16:57:16.672 12026 12026 V ActivityScenario: Activity lifecycle changed event received but ignored because the intent does not match. startActivityIntent=Intent { act=android.intent.action.MAIN cat=[android.intent.category.LAUNCHER] cmp=com.example.lunchtray/androidx.fragment.app.testing.FragmentScenario$EmptyFragmentActivity (has extras) }, activity.getIntent()=Intent { act=android.intent.action.MAIN cat=[android.intent.category.LAUNCHER] flg=0x10008000 cmp=com.example.lunchtray/androidx.test.core.app.InstrumentationActivityInvoker$BootstrapActivity (has extras) }, activity=androidx.test.core.app.InstrumentationActivityInvoker$BootstrapActivity@d7174b0
11-13 16:57:16.672 12026 12026 V ActivityScenario: Activity lifecycle changed event received but ignored because the intent does not match. startActivityIntent=Intent { act=android.intent.action.MAIN cat=[android.intent.category.LAUNCHER] cmp=com.example.lunchtray/androidx.fragment.app.testing.FragmentScenario$EmptyFragmentActivity (has extras) }, activity.getIntent()=Intent { act=android.intent.action.MAIN cat=[android.intent.category.LAUNCHER] flg=0x10008000 cmp=com.example.lunchtray/androidx.test.core.app.InstrumentationActivityInvoker$BootstrapActivity (has extras) }, activity=androidx.test.core.app.InstrumentationActivityInvoker$BootstrapActivity@d7174b0
11-13 16:57:16.672 12026 12026 V ActivityScenario: Activity lifecycle changed event received but ignored because the intent does not match. startActivityIntent=Intent { act=android.intent.action.MAIN cat=[android.intent.category.LAUNCHER] cmp=com.example.lunchtray/androidx.fragment.app.testing.FragmentScenario$EmptyFragmentActivity (has extras) }, activity.getIntent()=Intent { act=android.intent.action.MAIN cat=[android.intent.category.LAUNCHER] flg=0x10008000 cmp=com.example.lunchtray/androidx.test.core.app.InstrumentationActivityInvoker$BootstrapActivity (has extras) }, activity=androidx.test.core.app.InstrumentationActivityInvoker$BootstrapActivity@d7174b0
11-13 16:57:16.672 12026 12026 V ActivityScenario: Activity lifecycle changed event received but ignored because the intent does not match. startActivityIntent=Intent { act=android.intent.action.MAIN cat=[android.intent.category.LAUNCHER] cmp=com.example.lunchtray/androidx.fragment.app.testing.FragmentScenario$EmptyFragmentActivity (has extras) }, activity.getIntent()=Intent { act=android.intent.action.MAIN cat=[android.intent.category.LAUNCHER] flg=0x10008000 cmp=com.example.lunchtray/androidx.test.core.app.InstrumentationActivityInvoker$BootstrapActivity (has extras) }, activity=androidx.test.core.app.InstrumentationActivityInvoker$BootstrapActivity@d7174b0
11-13 16:57:16.672 12026 12026 V ActivityScenario: Activity lifecycle changed event received but ignored because the intent does not match. startActivityIntent=Intent { act=android.intent.action.MAIN cat=[android.intent.category.LAUNCHER] cmp=com.example.lunchtray/androidx.fragment.app.testing.FragmentScenario$EmptyFragmentActivity (has extras) }, activity.getIntent()=Intent { act=android.intent.action.MAIN cat=[android.intent.category.LAUNCHER] flg=0x10008000 cmp=com.example.lunchtray/androidx.test.core.app.InstrumentationActivityInvoker$BootstrapActivity (has extras) }, activity=androidx.test.core.app.InstrumentationActivityInvoker$BootstrapActivity@d7174b0
11-13 16:57:16.672 12026 12026 V ActivityScenario: Activity lifecycle changed event received but ignored because the intent does not match. startActivityIntent=Intent { act=android.intent.action.MAIN cat=[android.intent.category.LAUNCHER] cmp=com.example.lunchtray/androidx.fragment.app.testing.FragmentScenario$EmptyFragmentActivity (has extras) }, activity.getIntent()=Intent { act=android.intent.action.MAIN cat=[android.intent.category.LAUNCHER] flg=0x10008000 cmp=com.example.lunchtray/androidx.test.core.app.InstrumentationActivityInvoker$BootstrapActivity (has extras) }, activity=androidx.test.core.app.InstrumentationActivityInvoker$BootstrapActivity@d7174b0
11-13 16:57:16.673 12026 12026 V ActivityScenario: Activity lifecycle changed event received but ignored because the intent does not match. startActivityIntent=Intent { act=android.intent.action.MAIN cat=[android.intent.category.LAUNCHER] cmp=com.example.lunchtray/androidx.fragment.app.testing.FragmentScenario$EmptyFragmentActivity (has extras) }, activity.getIntent()=Intent { act=android.intent.action.MAIN cat=[android.intent.category.LAUNCHER] flg=0x10008000 cmp=com.example.lunchtray/androidx.test.core.app.InstrumentationActivityInvoker$BootstrapActivity (has extras) }, activity=androidx.test.core.app.InstrumentationActivityInvoker$BootstrapActivity@d7174b0
11-13 16:57:16.673 12026 12026 V ActivityScenario: Activity lifecycle changed event received but ignored because the intent does not match. startActivityIntent=Intent { act=android.intent.action.MAIN cat=[android.intent.category.LAUNCHER] cmp=com.example.lunchtray/androidx.fragment.app.testing.FragmentScenario$EmptyFragmentActivity (has extras) }, activity.getIntent()=Intent { act=android.intent.action.MAIN cat=[android.intent.category.LAUNCHER] flg=0x10008000 cmp=com.example.lunchtray/androidx.test.core.app.InstrumentationActivityInvoker$BootstrapActivity (has extras) }, activity=androidx.test.core.app.InstrumentationActivityInvoker$BootstrapActivity@d7174b0
11-13 16:57:16.673 12026 12026 V ActivityScenario: Activity lifecycle changed event received but ignored because the intent does not match. startActivityIntent=Intent { act=android.intent.action.MAIN cat=[android.intent.category.LAUNCHER] cmp=com.example.lunchtray/androidx.fragment.app.testing.FragmentScenario$EmptyFragmentActivity (has extras) }, activity.getIntent()=Intent { act=android.intent.action.MAIN cat=[android.intent.category.LAUNCHER] flg=0x10008000 cmp=com.example.lunchtray/androidx.test.core.app.InstrumentationActivityInvoker$BootstrapActivity (has extras) }, activity=androidx.test.core.app.InstrumentationActivityInvoker$BootstrapActivity@d7174b0
11-13 16:57:16.673 12026 12026 V ActivityScenario: Activity lifecycle changed event received but ignored because the intent does not match. startActivityIntent=Intent { act=android.intent.action.MAIN cat=[android.intent.category.LAUNCHER] cmp=com.example.lunchtray/androidx.fragment.app.testing.FragmentScenario$EmptyFragmentActivity (has extras) }, activity.getIntent()=Intent { act=android.intent.action.MAIN cat=[android.intent.category.LAUNCHER] flg=0x10008000 cmp=com.example.lunchtray/androidx.test.core.app.InstrumentationActivityInvoker$BootstrapActivity (has extras) }, activity=androidx.test.core.app.InstrumentationActivityInvoker$BootstrapActivity@d7174b0
11-13 16:57:16.673  1886  1886 I A       : onApplyWindowInsets: systemWindowInsets=Insets{left=0, top=66, right=0, bottom=66}
11-13 16:57:16.676  1886  1886 I A       : onApplyWindowInsets: systemWindowInsets=Insets{left=0, top=66, right=0, bottom=66}
11-13 16:57:16.677   406   487 W TransactionTracing: Could not find layer id -1
11-13 16:57:16.680 12026 12026 I ViewInteraction: Performing 'single click' action on view view.getId() is <2131230842/com.example.lunchtray:id/cancel_button>
11-13 16:57:16.681   383   459 W RanchuHwc: presentDisplay display has no layers to compose, flushing client target buffer.
11-13 16:57:16.699   383   459 W RanchuHwc: presentDisplay display has no layers to compose, flushing client target buffer.
11-13 16:57:16.706  1217  1217 D TaplEvents: TIS / TouchInteractionService.onInputEvent: MotionEvent { action=ACTION_DOWN, actionButton=0, id[0]=0, x[0]=280.5, y[0]=1342.5, toolType[0]=TOOL_TYPE_UNKNOWN, buttonState=BUTTON_PRIMARY, classification=NONE, metaState=0, flags=0x0, edgeFlags=0x0, pointerCount=1, historySize=0, eventTime=13242909, downTime=13242909, deviceId=-1, source=0x1002, displayId=0, eventId=-110039450 }
11-13 16:57:16.714  9626  9626 D BoundBrokerSvc: onUnbind: Intent { act=com.google.android.gms.feedback.internal.IFeedbackService dat=chimera-action: cmp=com.google.android.gms/.chimera.GmsBoundBrokerService }
11-13 16:57:16.714   383   459 W RanchuHwc: presentDisplay display has no layers to compose, flushing client target buffer.
11-13 16:57:16.727   406   487 W TransactionTracing: Could not find layer handle 0xb40000745ac29010
11-13 16:57:16.727   406   406 W SurfaceFlinger: couldn't log to binary event log: overflow.
11-13 16:57:16.727   406   487 W TransactionTracing: Could not find layer id -1
11-13 16:57:16.727   406   487 W TransactionTracing: Could not find layer id -1
11-13 16:57:16.727   406   406 W SurfaceFlinger: couldn't log to binary event log: overflow.
11-13 16:57:16.731   383   459 W RanchuHwc: presentDisplay display has no layers to compose, flushing client target buffer.
11-13 16:57:16.739   583  1675 W InputManager-JNI: Input channel object 'b362708 Splash Screen com.example.lunchtray (client)' was disposed without first being removed with the input manager!
11-13 16:57:16.741  1217  1217 D TaplEvents: TIS / TouchInteractionService.onInputEvent: MotionEvent { action=ACTION_UP, actionButton=0, id[0]=0, x[0]=280.5, y[0]=1342.5, toolType[0]=TOOL_TYPE_FINGER, buttonState=BUTTON_PRIMARY, classification=NONE, metaState=0, flags=0x0, edgeFlags=0x0, pointerCount=1, historySize=0, eventTime=13242949, downTime=13242909, deviceId=-1, source=0x1002, displayId=0, eventId=-100965940 }
11-13 16:57:16.747   383   459 W RanchuHwc: presentDisplay display has no layers to compose, flushing client target buffer.
11-13 16:57:16.752   368   368 E android.hardware.audio@7.0-impl.ranchu: device/generic/goldfish/audio/stream_out.cpp:updateSourceMetadata:378 failure: Result::NOT_SUPPORTED
11-13 16:57:16.765   383   459 W RanchuHwc: presentDisplay display has no layers to compose, flushing client target buffer.
11-13 16:57:16.781   383   459 W RanchuHwc: presentDisplay display has no layers to compose, flushing client target buffer.
11-13 16:57:16.797   383   459 W RanchuHwc: presentDisplay display has no layers to compose, flushing client target buffer.
11-13 16:57:16.813   383   459 W RanchuHwc: presentDisplay display has no layers to compose, flushing client target buffer.
11-13 16:57:16.830   383   459 W RanchuHwc: presentDisplay display has no layers to compose, flushing client target buffer.
11-13 16:57:16.850   383   459 W RanchuHwc: presentDisplay display has no layers to compose, flushing client target buffer.
11-13 16:57:16.864   383   459 W RanchuHwc: presentDisplay display has no layers to compose, flushing client target buffer.
11-13 16:57:16.881   383   459 W RanchuHwc: presentDisplay display has no layers to compose, flushing client target buffer.
11-13 16:57:16.896   383   459 W RanchuHwc: presentDisplay display has no layers to compose, flushing client target buffer.
11-13 16:57:16.909   406   487 W TransactionTracing: Could not find layer handle 0xb40000745ac31d70
11-13 16:57:16.909   406   487 W TransactionTracing: Could not find layer handle 0xb40000745ac29df0
11-13 16:57:16.909   406   487 W TransactionTracing: Could not find layer handle 0xb40000745ac2feb0
11-13 16:57:16.909   406   487 W TransactionTracing: Could not find layer handle 0xb40000745ac29df0
11-13 16:57:16.909   406   487 W TransactionTracing: Could not find layer handle 0xb40000745ac2feb0
11-13 16:57:16.914   383   459 W RanchuHwc: presentDisplay display has no layers to compose, flushing client target buffer.
11-13 16:57:16.962 12026 12047 I TestRunner: finished: navigate_to_start_order_from_side_menu(com.example.lunchtray.NavigationTests)
